02-16 20:42:42.075 V/WindowManagerShell( 1054): Transition doesn't have explicit remote, search filters for match for {id=95 t=CLOSE f=0x10 trk=0 r=[0@Point(0, 0)] c=[{m=TO_FRONT f=SHOW_WALLPAPER|MOVE_TO_TOP leash=Surface(name=Task=1#44)/@0x3649b93 sb=Rect(0, 0 - 1080, 2400) eb=Rect(0, 0 - 1080, 2400) epz=Point(1080, 2400) d=0 taskParent=-1 winMode=1 userId=0},{m=CLOSE f=NONE leash=Surface(name=Task=89#1586)/@0xfef37d0 sb=Rect(0, 0 - 1080, 2400) eb=Rect(0, 0 - 1080, 2400) epz=Point(1080, 2400) d=0 taskParent=-1 winMode=1 userId=0},{m=TO_FRONT f=IS_WALLPAPER leash=Surface(name=WallpaperWindowToken{fe8566c}#60)/@0x6bc53c9 sb=Rect(0, 0 - 1080, 2400) eb=Rect(0, 0 - 1080, 2400) epz=Point(1080, 2400) d=0}]}
02-16 20:42:42.077 V/WindowManagerShell( 1054):  Checking filter Pair{{types=[] flags=0x0] notFlags=0x0 checks=[{atype=undefined independent=true modes=[CLOSE,TO_BACK] flags=IN_TASK_WITH_EMBEDDED_ACTIVITY mustBeTask=false order=ANY topActivity=null launchCookie=null taskFragmentToken=android.os.BinderProxy@4cdb5da windowingMode=undefined isCrossDisplayMove=false}]} RemoteTransition { remoteTransition = android.window.IRemoteTransition$Stub$Proxy@99b0a0b, appThread = android.app.IApplicationThread$Stub$Proxy@394d0e8, debugName = overlayBackTransition }}
02-16 20:42:42.085 V/WindowManagerShell( 1054):  Checking filter Pair{{types=[] flags=0x0] notFlags=0x0 checks=[{atype=dream independent=true modes=[OPEN,TO_FRONT] flags=NONE mustBeTask=false order=ANY topActivity=null launchCookie=null windowingMode=undefined isCrossDisplayMove=false},{atype=home independent=true modes=[CLOSE,TO_BACK] flags=NONE mustBeTask=false order=ANY topActivity=null launchCookie=null windowingMode=undefined isCrossDisplayMove=false}]} RemoteTransition { remoteTransition = android.window.IRemoteTransition$Stub$Proxy@40e3eed, appThread = android.app.IApplicationThread$Stub$Proxy@98b3122, debugName = LauncherToDream }}
02-16 20:42:42.085 V/WindowManagerShell( 1054):  Checking filter Pair{{types=[] flags=0x0] notFlags=0x100 checks=[{atype=home independent=true modes=[OPEN,TO_FRONT] flags=NONE mustBeTask=false order=TOP topActivity=ComponentInfo{com.google.android.apps.nexuslauncher/com.google.android.apps.nexuslauncher.NexusLauncherActivity} launchCookie=null windowingMode=undefined isCrossDisplayMove=false},{atype=standard independent=true modes=[CLOSE,TO_BACK] flags=NONE mustBeTask=false order=ANY topActivity=null launchCookie=null windowingMode=undefined isCrossDisplayMove=false},{NOT atype=undefined independent=true modes=[] flags=NONE mustBeTask=true order=ANY topActivity=null launchCookie=null customAnim=true windowingMode=undefined isCrossDisplayMove=false}]} RemoteTransition { remoteTransition = android.window.IRemoteTransition$Stub$Proxy@b8877b3, appThread = android.app.IApplicationThread$Stub$Proxy@505b170, debugName = QuickstepLaunchHome }}
02-16 20:42:42.086 D/RemoteTransitionHandler( 1054): Found filterPair{{types=[] flags=0x0] notFlags=0x100 checks=[{atype=home independent=true modes=[OPEN,TO_FRONT] flags=NONE mustBeTask=false order=TOP topActivity=ComponentInfo{com.google.android.apps.nexuslauncher/com.google.android.apps.nexuslauncher.NexusLauncherActivity} launchCookie=null windowingMode=undefined isCrossDisplayMove=false},{atype=standard independent=true modes=[CLOSE,TO_BACK] flags=NONE mustBeTask=false order=ANY topActivity=null launchCookie=null windowingMode=undefined isCrossDisplayMove=false},{NOT atype=undefined independent=true modes=[] flags=NONE mustBeTask=true order=ANY topActivity=null launchCookie=null customAnim=true windowingMode=undefined isCrossDisplayMove=false}]} RemoteTransition { remoteTransition = android.window.IRemoteTransition$Stub$Proxy@b8877b3, appThread = android.app.IApplicationThread$Stub$Proxy@505b170, debugName = QuickstepLaunchHome }}
02-16 20:42:42.086 V/WindowManagerShell( 1054):  Delegate animation for (#95) to RemoteTransition { remoteTransition = android.window.IRemoteTransition$Stub$Proxy@b8877b3, appThread = android.app.IApplicationThread$Stub$Proxy@505b170, debugName = QuickstepLaunchHome }
02-16 20:42:42.094 I/AiAiEcho( 1652): EchoTargets: 
02-16 20:42:42.094 I/AiAiEcho( 1652): Filtered by AiAi flag check: 
02-16 20:42:42.094 I/AiAiEcho( 1652): [CONTEXT ratelimit_period="10 SECONDS" ]
02-16 20:42:42.102 I/AiAiEcho( 1652): #remoteViewsTwiddler: feature disabled.
02-16 20:42:42.112 V/WindowManager(  738): Sent Transition (#95) createdAt=02-16 20:42:41.514 via request=TransitionRequestInfo { type = CLOSE, triggerTask = TaskInfo{userId=0 taskId=89 effectiveUid=10231 displayId=0 isRunning=true baseIntent=Intent { act=android.intent.action.MAIN cat=[android.intent.category.LAUNCHER] flg=0x10200000 cmp=com.ferchr.app/.MainActivity } baseActivity=ComponentInfo{com.ferchr.app/com.ferchr.app.MainActivity} topActivity=ComponentInfo{com.ferchr.app/com.ferchr.app.MainActivity} origActivity=null realActivity=ComponentInfo{com.ferchr.app/com.ferchr.app.MainActivity} numActivities=1 lastActiveTime=88997874 supportsMultiWindow=true resizeMode=1 isResizeable=true minWidth=-1 minHeight=-1 defaultMinSize=220 token=WCT{RemoteToken{97d3b7 Task{474aac7 #89 type=standard A=10231:com.ferchr.app}}} topActivityType=1 pictureInPictureParams=null shouldDockBigOverlays=false launchIntoPipHostTaskId=-1 lastParentTaskIdBeforePip=-1 displayCutoutSafeInsets=Rect(0, 0 - 0, 0) topActivityInfo=ActivityInfo{9b11724 com.ferchr.app.MainActivity} launchCookies=[android.os.BinderProxy@f4c028d] positionInParent=Point(0, 0) parentTaskId=-1 isFocused=true isVisible=true isVisibleRequested=true isTopActivityNoDisplay=false isSleeping=false locusId=null displayAreaFeatureId=1 isTopActivityTransparent=false isActivityStackTransparent=false lastNonFullscreenBounds=null capturedLink=null capturedLinkTimestamp=0 requestedVisibleTypes=503 topActivityRequestOpenInBrowserEducationTimestamp=0 appCompatTaskInfo=AppCompatTaskInfo { topActivityInSizeCompat=false isLeafTask= true eligibleForLetterboxEducation= false isLetterboxEducationEnabled= true isLetterboxDoubleTapEnabled= false eligibleForUserAspectRatioButton= false topActivityBoundsLetterboxed= false isFromLetterboxDoubleTap= false topActivityLetterboxVerticalPosition= -1 topActivityLetterboxHorizontalPosition= -1 topActivityLetterboxWidth=-1 topActivityLetterboxHeight=-1 topActivityAppBounds=Rect(0, 0 - 1080, 2400) isUserFullscreenOverrideEnabled=false isSystemFullscreenOverrideEnabled=false hasMinAspectRatioOverride=false topActivityLetterboxBounds=null cameraCompatTaskInfo=CameraCompatTaskInfo { cameraCompatMode=inactive0} topNonResizableActivityAspectRatio=-1.0} topActivityMainWindowFrame=null isAppBubble=false}, pipChange = null, remoteTransition = null, displayChange = null, requestedLocation = null, userChange = null, windowingLayerChange = null, flags = 16, debugId = 95 }
02-16 20:42:42.120 V/WindowManager(  738):     startWCT=WindowContainerTransaction { changes= {} hops= [] errorCallbackToken=null taskFragmentOrganizer=null }
02-16 20:42:42.120 V/WindowManager(  738):     info={id=95 t=CLOSE f=0x10 trk=0 r=[0@Point(0, 0)] c=[
02-16 20:42:42.120 V/WindowManager(  738):         {WCT{RemoteToken{f83251b Task{c383616 #1 type=home}}} m=TO_FRONT f=SHOW_WALLPAPER|MOVE_TO_TOP leash=Surface(name=Task=1#44)/@0xc42265d sb=Rect(0, 0 - 1080, 2400) eb=Rect(0, 0 - 1080, 2400) epz=Point(1080, 2400) d=0 taskParent=-1 winMode=1 userId=0},
02-16 20:42:42.120 V/WindowManager(  738):         {WCT{RemoteToken{97d3b7 Task{474aac7 #89 type=standard A=10231:com.ferchr.app}}} m=CLOSE f=NONE leash=Surface(name=Task=89#1586)/@0xc2edd5 sb=Rect(0, 0 - 1080, 2400) eb=Rect(0, 0 - 1080, 2400) epz=Point(1080, 2400) d=0 taskParent=-1 winMode=1 userId=0},
02-16 20:42:42.120 V/WindowManager(  738):         {m=TO_FRONT f=IS_WALLPAPER leash=Surface(name=WallpaperWindowToken{fe8566c}#60)/@0x531c842 sb=Rect(0, 0 - 1080, 2400) eb=Rect(0, 0 - 1080, 2400) epz=Point(1080, 2400) d=0}
02-16 20:42:42.120 V/WindowManager(  738):     ]}
02-16 20:42:42.216 D/LauncherStateManager( 1208): StateManager.cancelAnimation: animation ongoing: false, partial trace:
02-16 20:42:42.216 D/LauncherStateManager( 1208): 	at com.android.launcher3.statemanager.StateManager.setCurrentAnimation(go/retraceme 7101499b44b219b757f6885b35ae099b24fc769225595efcaaacae5b0f94500b:18)
02-16 20:42:42.216 D/LauncherStateManager( 1208): 	at com.android.launcher3.QuickstepTransitionManager.createWallpaperOpenAnimations(go/retraceme 7101499b44b219b757f6885b35ae099b24fc769225595efcaaacae5b0f94500b:646)
02-16 20:42:42.216 D/LauncherStateManager( 1208): 	at com.android.launcher3.QuickstepTransitionManager$WallpaperOpenLauncherAnimationRunner.onAnimationStart(go/retraceme 7101499b44b219b757f6885b35ae099b24fc769225595efcaaacae5b0f94500b:96)
02-16 20:42:42.220 D/b/311077782( 1208): LauncherAnimationRunner.setAnimation
02-16 20:42:42.233 V/WindowManagerShell( 1054):  animated by com.android.wm.shell.transition.RemoteTransitionHandler@4781b09
02-16 20:42:42.256 I/AiAiEcho( 1652): #postPredictionTargets: Sending updates to UISurface home with targets# 0 (types=[])
02-16 20:42:42.273 D/BaseActivity( 1208): Launcher flags updated: [state_started|state_resumed|state_deferred_resumed|state_window_focused|state_user_active] +[state_window_focused]
02-16 20:42:42.291 D/Bubbles ( 1054): onLocusVisibilityChanged=Overview|DISABLED visible=true taskId=1
02-16 20:42:42.302 I/ImeTracker(  738): com.google.android.apps.nexuslauncher:48fc1323: onRequestHide at ORIGIN_SERVER reason HIDE_UNSPECIFIED_WINDOW fromUser false
02-16 20:42:42.370 I/GoogleInputMethodService( 8457): GoogleInputMethodService.onFinishInput():2113 
02-16 20:42:42.384 I/RanchuHwc(  555): logCompositionFallbackIfChanged: layer 302 CompositionType fallback from 2 to 1
02-16 20:42:42.384 I/RanchuHwc(  555): logCompositionFallbackIfChanged: layer 303 CompositionType fallback from 2 to 1
02-16 20:42:42.393 I/ImeTracker(  738): system_server:dae64d00: onRequestHide at ORIGIN_SERVER reason IME_REQUESTED_CHANGED_LISTENER fromUser false
02-16 20:42:42.411 I/Module  ( 8457): DeviceLockedStatusModuleProvider$Module.updateDeviceLockedStatus():103 repeatCheckTimes = 0, locked = false
02-16 20:42:42.414 W/ActivityTaskManager(  738): Activity top resumed state loss timeout for ActivityRecord{51557382 u0 com.ferchr.app/.MainActivity t89 f} isExiting}
02-16 20:42:42.428 W/NotificationCenter( 8457): NotificationCenter$NotificationQueue.notifyPendingNotificationsOnExecutor():877 Heavy notify work detected on UI thread: [mul->mtn, mul->mfg, mul->kpu, mul->okf, mul->kpu, mul->kpu, mul->knd, mul->kpu, mul->kpu, mul->kpu, mul->iet, mul->hmz, mul->oyp, mul->kpu, mul->kpu, mul->mte, mul->kpu, mul->lxh, mul->krx, mul->kpu, mul->kpu, mul->glg, mul->god, mul->kpu, mul->kpu, mul->kpu] takes 58ms
02-16 20:42:42.452 D/InsetsController( 1208): hide(ime())
02-16 20:42:42.460 I/ImeTracker( 1208): com.google.android.apps.nexuslauncher:48fc1323: onCancelled at PHASE_CLIENT_ALREADY_HIDDEN
02-16 20:42:42.463 I/GoogleInputMethodService( 8457): GoogleInputMethodService.onStartInput():1384 onStartInput(EditorInfo{EditorInfo{packageName=com.google.android.apps.nexuslauncher, inputType=0, inputTypeString=NULL, enableLearning=false, autoCorrection=false, autoComplete=false, imeOptions=0, privateImeOptions=null, actionName=UNSPECIFIED, actionLabel=null, initialSelStart=-1, initialSelEnd=-1, initialCapsMode=0, label=null, fieldId=0, fieldName=null, extras=null, hintText=null, hintLocales=[]}}, false)
02-16 20:42:42.497 I/Module  ( 8457): DeviceLockedStatusModuleProvider$Module.updateDeviceLockedStatus():103 repeatCheckTimes = 1, locked = false
02-16 20:42:42.503 W/NotificationCenter( 8457): NotificationCenter$NotificationQueue.notifyPendingNotificationsOnExecutor():877 Heavy notify work detected on UI thread: [mul->mtn, mul->mfg, mul->kpu, mul->okf, mul->kpu, mul->kpu, mul->knd, mul->kpu, mul->kpu, mul->kpu, mul->iet, mul->hmz, mul->oyp, mul->kpu, mul->kpu, mul->mte, mul->kpu, mul->lxh, mul->krx, mul->kpu, mul->kpu, mul->glg, mul->god, mul->kpu, mul->kpu, mul->kpu] takes 34ms
02-16 20:42:42.573 V/WindowManagerShell( 1054): Received remote transition finished callback for (#95)
02-16 20:42:42.589 W/PackageConfigPersister(  738): App-specific configuration not found for packageName: com.google.android.apps.nexuslauncher and userId: 0
02-16 20:42:42.594 V/WindowManagerShell( 1054): Transition animation finished (aborted=false), notifying core (#95) android.os.BinderProxy@ab886f7@0
02-16 20:42:42.628 D/SatelliteController( 1202): iisInCarrierRoamingNbIotNtn: satellite is disabled
02-16 20:42:42.673 V/WindowManager(  738): Finish Transition (#95): created at 02-16 20:42:41.514 collect-started=0.196ms request-sent=0.826ms started=46.378ms ready=254.049ms sent=489.626ms commit=199.819ms finished=1140.41ms
02-16 20:42:42.690 D/SatelliteController( 1202): getCarrierRoamingNtnConnectType: Falling back to global carrier config connect type: 0
02-16 20:42:42.707 W/libbinder.IPCThreadState(  738): Sending oneway calls to frozen process.
02-16 20:42:42.739 E/libbinder.IPCThreadState(  738): Binder transaction failure. id: 8029211, cmd: BR_DEAD_REPLY (29189), error: -22 (Invalid argument)
02-16 20:42:42.739 W/ActivityManager(  738): pid 738 system sent binder code 7 with flags 1 and got error -32
02-16 20:42:42.755 W/WindowManager(  738): Exception thrown during dispatchAppVisibility Window{b6eb882 u0 com.ferchr.app/com.ferchr.app.MainActivity EXITING}
02-16 20:42:42.755 W/WindowManager(  738): android.os.DeadObjectException
02-16 20:42:42.755 W/WindowManager(  738): 	at android.os.BinderProxy.transactNative(Native Method)
02-16 20:42:42.755 W/WindowManager(  738): 	at android.os.BinderProxy.transact(BinderProxy.java:599)
02-16 20:42:42.755 W/WindowManager(  738): 	at android.view.IWindow$Stub$Proxy.dispatchAppVisibility(IWindow.java:535)
02-16 20:42:42.755 W/WindowManager(  738): 	at com.android.server.wm.WindowState.sendAppVisibilityToClients(WindowState.java:3266)
02-16 20:42:42.755 W/WindowManager(  738): 	at com.android.server.wm.WindowContainer.sendAppVisibilityToClients(WindowContainer.java:1218)
02-16 20:42:42.755 W/WindowManager(  738): 	at com.android.server.wm.WindowToken.setClientVisible(WindowToken.java:394)
02-16 20:42:42.755 W/WindowManager(  738): 	at com.android.server.wm.ActivityRecord.commitVisibility(ActivityRecord.java:5626)
02-16 20:42:42.755 W/WindowManager(  738): 	at com.android.server.wm.Transition.finishTransition(Transition.java:1500)
02-16 20:42:42.755 W/WindowManager(  738): 	at com.android.server.wm.TransitionController.finishTransition(TransitionController.java:1096)
02-16 20:42:42.755 W/WindowManager(  738): 	at com.android.server.wm.WindowOrganizerController.finishTransition(WindowOrganizerController.java:518)
02-16 20:42:42.755 W/WindowManager(  738): 	at android.window.IWindowOrganizerController$Stub.onTransact(IWindowOrganizerController.java:270)
02-16 20:42:42.755 W/WindowManager(  738): 	at com.android.server.wm.WindowOrganizerController.onTransact(WindowOrganizerController.java:233)
02-16 20:42:42.755 W/WindowManager(  738): 	at android.os.Binder.execTransactInternal(Binder.java:1473)
02-16 20:42:42.755 W/WindowManager(  738): 	at android.os.Binder.execTransact(Binder.java:1418)
02-16 20:42:42.755 W/Process (  738): Unable to open /proc/19481/status
02-16 20:42:42.782 W/ProcessStats(  738): Tracking association SourceState{30ede80 system/1000 BFgs #16230} whose proc state 4 is better than process ProcessState{4a55df1 com.google.android.ext.services/10198 pkg=com.google.android.ext.services} proc state 14 (17 skipped)
02-16 20:42:42.789 D/SsBaseTemplateCard( 1208): Passed-in item info is null
02-16 20:42:42.789 D/SsBaseTemplateCard( 1208): Passed-in item info is null
02-16 20:42:42.790 D/SsBaseTemplateCard( 1208): Passed-in item info is null
02-16 20:42:42.790 D/SsBaseTemplateCard( 1208): Passed-in item info is null
02-16 20:42:42.790 I/SsBaseTemplateCard( 1208): Secondary card pane is null
02-16 20:42:42.804 W/WindowManager(  738): Failed looking up window session=Session{bca384d 1054:u0a10186} callers=com.android.server.wm.WindowManagerService.windowForClient:6763 com.android.server.wm.WindowManagerService.relayoutWindow:2473 com.android.server.wm.Session.relayout:296 
02-16 20:42:42.805 V/WindowManagerShell( 1054): Track 0 became idle
02-16 20:42:42.805 V/WindowManagerShell( 1054): All active transition animations finished
02-16 20:42:42.807 V/Configuration( 1054): Updating configuration, locales updated from [] to [en_US]
02-16 20:42:42.808 V/Configuration( 1054): Updating configuration, locales updated from [] to [en_US]
02-16 20:42:42.819 I/ImeTracker(  738): system_server:dae64d00: onCancelled at PHASE_SERVER_SHOULD_HIDE
02-16 20:42:42.853 V/Configuration( 1054): Updating configuration, locales updated from [] to [en_US]
02-16 20:42:42.853 V/Configuration( 1054): Updating configuration, locales updated from [] to [en_US]
02-16 20:42:42.864 V/Configuration( 1054): Updating configuration, locales updated from [] to [en_US]
02-16 20:42:42.901 D/WindowOnBackDispatcher( 1054): setTopOnBackInvokedCallback (unwrapped): null
02-16 20:42:42.919 V/ShellTaskOrganizer( 1054): Task vanished taskId=89
02-16 20:42:42.930 V/ShellTaskOrganizer( 1054): Fullscreen Task Vanished: #89
02-16 20:42:42.931 D/ShellDesktopMode( 1054): AppToWebRepository: Task 89 is vanishing. Removing task data from repository
02-16 20:42:42.949 W/WindowManager(  738): Failed looking up window session=Session{bca384d 1054:u0a10186} callers=com.android.server.wm.WindowManagerService.windowForClient:6763 com.android.server.wm.Session.setOnBackInvokedCallbackInfo:989 android.view.IWindowSession$Stub.onTransact:1084 
02-16 20:42:42.950 I/WindowManager(  738): setOnBackInvokedCallback(): No window state for package:com.android.systemui
02-16 20:42:42.973 D/b/417220811( 1208): invalidateLoadedTasks - previous requestLoadId: -1
02-16 20:42:42.979 E/BpTransactionCompletedListener(  590): Failed to transact (-32)
02-16 20:42:43.004 W/WindowManager(  738): Failed looking up window session=Session{bca384d 1054:u0a10186} callers=com.android.server.wm.WindowManagerService.removeClientToken:2221 com.android.server.wm.Session.remove:283 android.view.IWindowSession$Stub.onTransact:639 
02-16 20:42:43.027 W/Looper  (  738): Slow dispatch took 112ms android.ui app=system_server main=false group=TOP_APP h=com.android.server.am.ActivityManagerService$UiHandler c=com.android.server.am.UidObserverController$$ExternalSyntheticLambda0@adf76c1 m=0
02-16 20:42:43.059 W/ImageReader_JNI(  738): Unable to acquire a buffer item, very likely client tried to acquire more than maxImages buffers
02-16 20:42:43.066 I/HalDevMgr(  738): bestIfaceCreationProposal is null, requestIface=STA, existingIface=[name=wlan0 type=STA]
02-16 20:42:43.117 W/WindowManager(  738): takeTaskSnapshot: taskId=89 not found or not visible
02-16 20:42:43.120 W/libbinder.IPCThreadState(  638): Sending oneway calls to frozen process.
02-16 20:42:43.145 W/libbinder.IPCThreadState(  638): Sending oneway calls to frozen process.
02-16 20:42:43.149 W/libbinder.IPCThreadState(  638): Sending oneway calls to frozen process.
02-16 20:42:43.156 W/libbinder.IPCThreadState(  638): Sending oneway calls to frozen process.
02-16 20:42:43.180 W/ActivityTaskManager(  738): Activity transferring splash screen timeout for ActivityRecord{51557382 u0 com.ferchr.app/.MainActivity t-1 f}} state 0
02-16 20:42:43.183 D/RecentsView( 1208): onTaskRemoved: 89, not handling task stack changes
02-16 20:42:43.184 D/RecentsView( 1208): onTaskRemoved: 89, not handling task stack changes
02-16 20:42:43.359 I/s.nexuslauncher( 1208): NativeAlloc concurrent mark compact GC freed 1459KB AllocSpace bytes, 4(208KB) LOS objects, 49% free, 7590KB/14MB, paused 25.606ms,10.438ms total 851.324ms
02-16 20:42:43.379 W/System  ( 1208): A resource failed to call release. 
02-16 20:42:43.379 W/System  ( 1208): A resource failed to call release. 
02-16 20:42:43.379 W/System  ( 1208): A resource failed to call release. 
02-16 20:42:43.380 W/System  ( 1208): A resource failed to call release. 
02-16 20:42:43.388 W/System  ( 1208): A resource failed to call release. 
02-16 20:42:43.389 W/System  ( 1208): A resource failed to call release. 
02-16 20:42:43.389 W/System  ( 1208): A resource failed to call release. 
02-16 20:42:43.389 W/System  ( 1208): A resource failed to call release. 
02-16 20:42:43.389 W/System  ( 1208): A resource failed to call release. 
02-16 20:42:43.390 W/libbinder.BackendUnifiedServiceManager(19531): Thread Pool max thread count is 0. Cannot cache binder as linkToDeath cannot be implemented. serviceName: package
02-16 20:42:44.027 I/artd    ( 1953): GetBestInfo: odex next to the dex file (/data/app/~~CoV3MX7_cwwHLHc1U2yB3A==/com.google.android.gms-iXHKP2n7npt7_Mz0IbwRnw==/oat/x86_64/base.odex) is kOatUpToDate with filter 'speed-profile' executable 'false'
02-16 20:42:44.036 I/artd    ( 1953): GetBestInfo: odex next to the dex file (/data/app/~~CoV3MX7_cwwHLHc1U2yB3A==/com.google.android.gms-iXHKP2n7npt7_Mz0IbwRnw==/oat/x86_64/split_AdsDynamite_installtime.odex) is kOatUpToDate with filter 'speed' executable 'false'
02-16 20:42:44.050 I/artd    ( 1953): GetBestInfo: odex next to the dex file (/data/app/~~CoV3MX7_cwwHLHc1U2yB3A==/com.google.android.gms-iXHKP2n7npt7_Mz0IbwRnw==/oat/x86_64/split_CronetDynamite_installtime.odex) is kOatUpToDate with filter 'speed' executable 'false'
02-16 20:42:44.060 I/artd    ( 1953): GetBestInfo: odex next to the dex file (/data/app/~~CoV3MX7_cwwHLHc1U2yB3A==/com.google.android.gms-iXHKP2n7npt7_Mz0IbwRnw==/oat/x86_64/split_DynamiteLoader_installtime.odex) is kOatUpToDate with filter 'speed' executable 'false'
02-16 20:42:44.064 I/artd    ( 1953): GetBestInfo: odex next to the dex file (/data/app/~~CoV3MX7_cwwHLHc1U2yB3A==/com.google.android.gms-iXHKP2n7npt7_Mz0IbwRnw==/oat/x86_64/split_DynamiteModulesA_installtime.odex) is kOatUpToDate with filter 'speed' executable 'false'
02-16 20:42:44.080 I/artd    ( 1953): GetBestInfo: odex next to the dex file (/data/app/~~CoV3MX7_cwwHLHc1U2yB3A==/com.google.android.gms-iXHKP2n7npt7_Mz0IbwRnw==/oat/x86_64/split_DynamiteModulesC_installtime.odex) is kOatUpToDate with filter 'speed' executable 'false'
02-16 20:42:44.082 I/system_server(  738): Background young concurrent mark compact GC freed 23MB AllocSpace bytes, 11(348KB) LOS objects, 37% free, 38MB/61MB, paused 25.665ms,8.866ms total 397.276ms
02-16 20:42:44.095 I/artd    ( 1953): GetBestInfo: odex next to the dex file (/data/app/~~CoV3MX7_cwwHLHc1U2yB3A==/com.google.android.gms-iXHKP2n7npt7_Mz0IbwRnw==/oat/x86_64/split_GoogleCertificates_installtime.odex) is kOatUpToDate with filter 'speed' executable 'false'
02-16 20:42:44.103 I/artd    ( 1953): GetBestInfo: odex next to the dex file (/data/app/~~CoV3MX7_cwwHLHc1U2yB3A==/com.google.android.gms-iXHKP2n7npt7_Mz0IbwRnw==/oat/x86_64/split_MapsDynamite_installtime.odex) is kOatUpToDate with filter 'speed' executable 'false'
02-16 20:42:44.112 I/artd    ( 1953): GetBestInfo: odex next to the dex file (/data/app/~~CoV3MX7_cwwHLHc1U2yB3A==/com.google.android.gms-iXHKP2n7npt7_Mz0IbwRnw==/oat/x86_64/split_MeasurementDynamite_installtime.odex) is kOatUpToDate with filter 'speed' executable 'false'
02-16 20:42:44.116 I/artd    ( 1953): GetBestInfo: /data/user_de/0/com.google.android.gms/app_chimera/m/00000014/dl-MlkitOcrCommon.optional_254730100800.apk has no usable artifacts
02-16 20:42:44.121 I/artd    ( 1953): GetBestInfo: /data/user_de/0/com.google.android.gms/app_chimera/m/00000001/CronetDynamite.apk has no usable artifacts
02-16 20:42:44.129 I/artd    ( 1953): GetBestInfo: /data/user_de/0/com.google.android.gms/app_chimera/m/00000002/DynamiteLoader.apk has no usable artifacts
02-16 20:42:44.142 I/artd    ( 1953): GetBestInfo: /data/user_de/0/com.google.android.gms/app_chimera/m/0000000a/dl-TfliteDynamiteDynamite.integ_243930802100800.apk has no usable artifacts
02-16 20:42:44.143 I/artd    ( 1953): GetBestInfo: /data/user_de/0/com.google.android.gms/app_chimera/m/00000005/GoogleCertificates.apk has no usable artifacts
02-16 20:42:44.150 I/artd    ( 1953): GetBestInfo: /data/user/0/com.google.android.gms/app_dg_cache/3E7B8642D2C3A70E57BF17BBA509AC6EF658CD43/the.apk has no usable artifacts
02-16 20:42:44.160 I/artd    ( 1953): GetBestInfo: /data/user_de/0/com.google.android.gms/app_chimera/m/0000000c/dl-Appsearch.optional_253434100800.apk has no usable artifacts
02-16 20:42:44.163 I/artd    ( 1953): GetBestInfo: /data/user_de/0/com.google.android.gms/app_chimera/m/00000015/dl-Appsearch.optional_254730100800.apk has no usable artifacts
02-16 20:42:44.175 I/artd    ( 1953): GetBestInfo: /data/user_de/0/com.google.android.gms/app_chimera/m/00000010/dl-PlayCloudSearch.optional_253434100000.apk has no usable artifacts
02-16 20:42:44.183 I/artd    ( 1953): GetBestInfo: /data/user/0/com.google.android.gms/app_dg_cache/F0F8A06E96E38F743B8A604780FBF66862861FC4/the.apk has no usable artifacts
02-16 20:42:44.192 I/artd    ( 1953): GetBestInfo: /data/user/0/com.google.android.gms/app_dg_cache/340EB38090EA011D0D9DA2A3BF92ADF73C6EB4AB/the.apk has no usable artifacts
02-16 20:42:44.199 I/artd    ( 1953): GetBestInfo: /data/user/0/com.google.android.gms/app_dg_cache/04F6ED04BE9680552BDAB237D58588E1686BFC89/the.apk has no usable artifacts
02-16 20:42:44.205 I/artd    ( 1953): GetBestInfo: /data/user/0/com.google.android.gms/app_dg_cache/5AC9373FDFDAAD124F293DA08D126973E019582A/the.apk has no usable artifacts
02-16 20:42:44.215 I/artd    ( 1953): GetBestInfo: vdex next to the dex file (/data/user/0/com.google.android.gms/app_dg_cache/94DF452EEF4B8E717545DCDEA6CC3C50A319A195/oat/x86_64/the.vdex) is kOatUpToDate with filter 'verify' executable 'false'
02-16 20:42:44.232 I/artd    ( 1953): GetBestInfo: /data/user/0/com.google.android.gms/app_dg_cache/4C804C498047991068B7703A3662CB65242D8D66/the.apk has no usable artifacts
02-16 20:42:44.237 I/artd    ( 1953): GetBestInfo: /data/user_de/0/com.google.android.gms/app_chimera/m/0000000e/dl-MlkitBarcodeUi.optional_253434100800.apk has no usable artifacts
02-16 20:42:44.263 I/artd    ( 1953): GetBestInfo: /data/user_de/0/com.google.android.gms/app_chimera/m/00000016/dl-MlkitBarcodeUi.optional_254730100800.apk has no usable artifacts
02-16 20:42:44.274 I/artd    ( 1953): GetBestInfo: /data/user_de/0/com.google.android.gms/app_chimera/m/00000012/dl-PlayCloudSearch.optional_254730100000.apk has no usable artifacts
02-16 20:42:44.280 I/artd    ( 1953): GetBestInfo: /data/user_de/0/com.google.android.gms/app_chimera/m/00000008/dl-VisionOcr.optional_253434100000.apk has no usable artifacts
02-16 20:42:44.291 I/artd    ( 1953): GetBestInfo: /data/user_de/0/com.google.android.gms/app_chimera/m/00000009/dl-MlkitOcrCommon.optional_253434100800.apk has no usable artifacts
02-16 20:42:44.300 I/artd    ( 1953): GetBestInfo: /data/user/0/com.google.android.gms/app_dg_cache/15D933DA74A5E14CBAC1F1D9A7E06645AFA4B38C/the.apk has no usable artifacts
02-16 20:42:44.303 I/artd    ( 1953): GetBestInfo: /data/user/0/com.google.android.gms/app_dg_cache/DC1EE363D503CBB1EFD9328CC8B301C5C22788F9/the.apk has no usable artifacts
02-16 20:42:44.311 I/artd    ( 1953): GetBestInfo: /data/user_de/0/com.google.android.gms/app_chimera/m/00000011/dl-VisionOcr.optional_254730100000.apk has no usable artifacts
02-16 20:42:44.323 I/artd    ( 1953): GetBestInfo: /data/user_de/0/com.google.android.gms/app_chimera/m/00000019/dl-TfliteDynamiteDynamite.integ_252130102100800.apk has no usable artifacts
02-16 20:42:44.325 I/artd    ( 1953): GetBestInfo: /data/user_de/0/com.google.android.gms/app_chimera/m/00000007/MeasurementDynamite.apk has no usable artifacts
02-16 20:42:44.338 I/artd    ( 1953): GetBestInfo: /data/user/0/com.google.android.gms/app_dg_cache/1F581356BF4B59901D0F7EA66B202E5AF16400E0/the.apk has no usable artifacts
02-16 20:42:45.433 D/ActivityManager(  738): freezing 2934 com.google.android.partnersetup
02-16 20:42:45.444 D/InetDiagMessage(  738): Destroyed 0 sockets, proto=IPPROTO_TCP, family=AF_INET, states=14
02-16 20:42:45.445 D/InetDiagMessage(  738): Destroyed 0 sockets, proto=IPPROTO_TCP, family=AF_INET6, states=14
02-16 20:42:45.447 D/InetDiagMessage(  738): Destroyed live tcp sockets for uids={10144} in 3ms
02-16 20:42:45.805 E/TaskPersister(  738): File error accessing recents directory (directory doesn't exist?).
02-16 20:42:46.102 I/HalDevMgr(  738): bestIfaceCreationProposal is null, requestIface=STA, existingIface=[name=wlan0 type=STA]
02-16 20:42:48.595 D/androidtc(  738): Initializing SystemTextClassifier, type = System
02-16 20:42:48.598 I/AiAiTextClassifier( 1652): onCreateTextClassificationSession = TextClassificationSessionId {2c855acd-8b4f-4c93-bbf2-3250323cb1a0}
02-16 20:42:48.612 E/ClipboardService(  738): Denying clipboard access to com.eventpeepo.owner, application is not in focus nor is it a system service for user 0
02-16 20:42:48.621 E/ClipboardService(  738): Denying clipboard access to com.android.chrome, application is not in focus nor is it a system service for user 0
02-16 20:42:48.647 I/ClipboardListener( 1054): Clipboard overlay suppressed.
02-16 20:42:48.656 I/AiAiTranslate( 1652): C2T - not in a conversation
02-16 20:42:48.820 E/ClipboardService(  738): Denying clipboard access to com.eventpeepo.owner, application is not in focus nor is it a system service for user 0
02-16 20:42:48.821 E/ClipboardService(  738): Denying clipboard access to com.android.chrome, application is not in focus nor is it a system service for user 0
02-16 20:42:48.842 I/ClipboardListener( 1054): Clipboard overlay suppressed.
02-16 20:42:49.145 I/HalDevMgr(  738): bestIfaceCreationProposal is null, requestIface=STA, existingIface=[name=wlan0 type=STA]
