--------- beginning of main
02-16 20:42:21.372 I/HalDevMgr(  738): bestIfaceCreationProposal is null, requestIface=STA, existingIface=[name=wlan0 type=STA]
02-16 20:42:22.350 W/libbinder.BackendUnifiedServiceManager(19476): Thread Pool max thread count is 0. Cannot cache binder as linkToDeath cannot be implemented. serviceName: package
02-16 20:42:22.632 D/SatelliteController( 1202): iisInCarrierRoamingNbIotNtn: satellite is disabled
02-16 20:42:22.632 D/SatelliteController( 1202): getCarrierRoamingNtnConnectType: Falling back to global carrier config connect type: 0
02-16 20:42:22.764 W/resolv  (  513): SSL_connect write error 0, mark 0xf006f: Try again
02-16 20:42:22.765 W/resolv  (  513): TLS Handshake failed
02-16 20:42:22.765 W/resolv  (  513): query failed
02-16 20:42:22.765 W/resolv  (  513): validateDnsTlsServer returned 0 for {10.0.2.3/}
02-16 20:42:22.766 W/resolv  (  513): Validation failed
02-16 20:42:23.182 I/artd    ( 1953): GetBestInfo: odex next to the dex file (/data/app/~~CoV3MX7_cwwHLHc1U2yB3A==/com.google.android.gms-iXHKP2n7npt7_Mz0IbwRnw==/oat/x86_64/base.odex) is kOatUpToDate with filter 'speed-profile' executable 'false'
02-16 20:42:23.200 I/artd    ( 1953): GetBestInfo: odex next to the dex file (/data/app/~~CoV3MX7_cwwHLHc1U2yB3A==/com.google.android.gms-iXHKP2n7npt7_Mz0IbwRnw==/oat/x86_64/split_AdsDynamite_installtime.odex) is kOatUpToDate with filter 'speed' executable 'false'
02-16 20:42:23.208 I/artd    ( 1953): GetBestInfo: odex next to the dex file (/data/app/~~CoV3MX7_cwwHLHc1U2yB3A==/com.google.android.gms-iXHKP2n7npt7_Mz0IbwRnw==/oat/x86_64/split_CronetDynamite_installtime.odex) is kOatUpToDate with filter 'speed' executable 'false'
02-16 20:42:23.218 I/artd    ( 1953): GetBestInfo: odex next to the dex file (/data/app/~~CoV3MX7_cwwHLHc1U2yB3A==/com.google.android.gms-iXHKP2n7npt7_Mz0IbwRnw==/oat/x86_64/split_DynamiteLoader_installtime.odex) is kOatUpToDate with filter 'speed' executable 'false'
02-16 20:42:23.224 I/artd    ( 1953): GetBestInfo: odex next to the dex file (/data/app/~~CoV3MX7_cwwHLHc1U2yB3A==/com.google.android.gms-iXHKP2n7npt7_Mz0IbwRnw==/oat/x86_64/split_DynamiteModulesA_installtime.odex) is kOatUpToDate with filter 'speed' executable 'false'
02-16 20:42:23.235 I/artd    ( 1953): GetBestInfo: odex next to the dex file (/data/app/~~CoV3MX7_cwwHLHc1U2yB3A==/com.google.android.gms-iXHKP2n7npt7_Mz0IbwRnw==/oat/x86_64/split_DynamiteModulesC_installtime.odex) is kOatUpToDate with filter 'speed' executable 'false'
02-16 20:42:23.240 I/artd    ( 1953): GetBestInfo: odex next to the dex file (/data/app/~~CoV3MX7_cwwHLHc1U2yB3A==/com.google.android.gms-iXHKP2n7npt7_Mz0IbwRnw==/oat/x86_64/split_GoogleCertificates_installtime.odex) is kOatUpToDate with filter 'speed' executable 'false'
02-16 20:42:23.278 I/artd    ( 1953): GetBestInfo: odex next to the dex file (/data/app/~~CoV3MX7_cwwHLHc1U2yB3A==/com.google.android.gms-iXHKP2n7npt7_Mz0IbwRnw==/oat/x86_64/split_MapsDynamite_installtime.odex) is kOatUpToDate with filter 'speed' executable 'false'
02-16 20:42:23.288 I/artd    ( 1953): GetBestInfo: odex next to the dex file (/data/app/~~CoV3MX7_cwwHLHc1U2yB3A==/com.google.android.gms-iXHKP2n7npt7_Mz0IbwRnw==/oat/x86_64/split_MeasurementDynamite_installtime.odex) is kOatUpToDate with filter 'speed' executable 'false'
02-16 20:42:23.299 I/artd    ( 1953): GetBestInfo: /data/user_de/0/com.google.android.gms/app_chimera/m/00000014/dl-MlkitOcrCommon.optional_254730100800.apk has no usable artifacts
02-16 20:42:23.301 I/artd    ( 1953): GetBestInfo: /data/user_de/0/com.google.android.gms/app_chimera/m/00000001/CronetDynamite.apk has no usable artifacts
02-16 20:42:23.307 I/artd    ( 1953): GetBestInfo: /data/user_de/0/com.google.android.gms/app_chimera/m/00000002/DynamiteLoader.apk has no usable artifacts
02-16 20:42:23.318 I/artd    ( 1953): GetBestInfo: /data/user_de/0/com.google.android.gms/app_chimera/m/0000000a/dl-TfliteDynamiteDynamite.integ_243930802100800.apk has no usable artifacts
02-16 20:42:23.324 I/artd    ( 1953): GetBestInfo: /data/user_de/0/com.google.android.gms/app_chimera/m/00000005/GoogleCertificates.apk has no usable artifacts
02-16 20:42:23.342 I/artd    ( 1953): GetBestInfo: /data/user/0/com.google.android.gms/app_dg_cache/3E7B8642D2C3A70E57BF17BBA509AC6EF658CD43/the.apk has no usable artifacts
02-16 20:42:23.353 I/artd    ( 1953): GetBestInfo: /data/user_de/0/com.google.android.gms/app_chimera/m/0000000c/dl-Appsearch.optional_253434100800.apk has no usable artifacts
02-16 20:42:23.362 I/artd    ( 1953): GetBestInfo: /data/user_de/0/com.google.android.gms/app_chimera/m/00000015/dl-Appsearch.optional_254730100800.apk has no usable artifacts
02-16 20:42:23.372 I/artd    ( 1953): GetBestInfo: /data/user_de/0/com.google.android.gms/app_chimera/m/00000010/dl-PlayCloudSearch.optional_253434100000.apk has no usable artifacts
02-16 20:42:23.376 I/artd    ( 1953): GetBestInfo: /data/user/0/com.google.android.gms/app_dg_cache/F0F8A06E96E38F743B8A604780FBF66862861FC4/the.apk has no usable artifacts
02-16 20:42:23.388 I/artd    ( 1953): GetBestInfo: /data/user/0/com.google.android.gms/app_dg_cache/340EB38090EA011D0D9DA2A3BF92ADF73C6EB4AB/the.apk has no usable artifacts
02-16 20:42:23.391 I/artd    ( 1953): GetBestInfo: /data/user/0/com.google.android.gms/app_dg_cache/04F6ED04BE9680552BDAB237D58588E1686BFC89/the.apk has no usable artifacts
02-16 20:42:23.400 I/artd    ( 1953): GetBestInfo: /data/user/0/com.google.android.gms/app_dg_cache/5AC9373FDFDAAD124F293DA08D126973E019582A/the.apk has no usable artifacts
02-16 20:42:23.411 I/artd    ( 1953): GetBestInfo: vdex next to the dex file (/data/user/0/com.google.android.gms/app_dg_cache/94DF452EEF4B8E717545DCDEA6CC3C50A319A195/oat/x86_64/the.vdex) is kOatUpToDate with filter 'verify' executable 'false'
02-16 20:42:23.416 I/artd    ( 1953): GetBestInfo: /data/user/0/com.google.android.gms/app_dg_cache/4C804C498047991068B7703A3662CB65242D8D66/the.apk has no usable artifacts
02-16 20:42:23.424 I/artd    ( 1953): GetBestInfo: /data/user_de/0/com.google.android.gms/app_chimera/m/0000000e/dl-MlkitBarcodeUi.optional_253434100800.apk has no usable artifacts
02-16 20:42:23.435 I/artd    ( 1953): GetBestInfo: /data/user_de/0/com.google.android.gms/app_chimera/m/00000016/dl-MlkitBarcodeUi.optional_254730100800.apk has no usable artifacts
02-16 20:42:23.440 I/artd    ( 1953): GetBestInfo: /data/user_de/0/com.google.android.gms/app_chimera/m/00000012/dl-PlayCloudSearch.optional_254730100000.apk has no usable artifacts
02-16 20:42:23.451 I/artd    ( 1953): GetBestInfo: /data/user_de/0/com.google.android.gms/app_chimera/m/00000008/dl-VisionOcr.optional_253434100000.apk has no usable artifacts
02-16 20:42:23.456 I/artd    ( 1953): GetBestInfo: /data/user_de/0/com.google.android.gms/app_chimera/m/00000009/dl-MlkitOcrCommon.optional_253434100800.apk has no usable artifacts
02-16 20:42:23.468 I/artd    ( 1953): GetBestInfo: /data/user/0/com.google.android.gms/app_dg_cache/15D933DA74A5E14CBAC1F1D9A7E06645AFA4B38C/the.apk has no usable artifacts
02-16 20:42:23.472 I/artd    ( 1953): GetBestInfo: /data/user/0/com.google.android.gms/app_dg_cache/DC1EE363D503CBB1EFD9328CC8B301C5C22788F9/the.apk has no usable artifacts
02-16 20:42:23.480 I/artd    ( 1953): GetBestInfo: /data/user_de/0/com.google.android.gms/app_chimera/m/00000011/dl-VisionOcr.optional_254730100000.apk has no usable artifacts
02-16 20:42:23.487 I/artd    ( 1953): GetBestInfo: /data/user_de/0/com.google.android.gms/app_chimera/m/00000019/dl-TfliteDynamiteDynamite.integ_252130102100800.apk has no usable artifacts
02-16 20:42:23.491 I/artd    ( 1953): GetBestInfo: /data/user_de/0/com.google.android.gms/app_chimera/m/00000007/MeasurementDynamite.apk has no usable artifacts
02-16 20:42:23.501 I/artd    ( 1953): GetBestInfo: /data/user/0/com.google.android.gms/app_dg_cache/1F581356BF4B59901D0F7EA66B202E5AF16400E0/the.apk has no usable artifacts
02-16 20:42:23.534 W/libbinder.Binder(  738): Binder transaction to android.content.pm.IPackageManager code 1598311760 took 1182ms. Data bytes: 80 Reply bytes: 4 Flags: 16
02-16 20:42:24.388 I/HalDevMgr(  738): bestIfaceCreationProposal is null, requestIface=STA, existingIface=[name=wlan0 type=STA]
02-16 20:42:24.791 D/ConnectivityService(  738): handleLingerComplete for [106 CELLULAR]
02-16 20:42:24.792 I/ConnectivityService(  738): Update capabilities for net 106 : -FOREGROUND
02-16 20:42:24.808 W/libbinder.IPCThreadState(  738): Sending oneway calls to frozen process.
02-16 20:42:24.809 W/libbinder.IPCThreadState(  738): Sending oneway calls to frozen process.
02-16 20:42:24.810 W/libbinder.IPCThreadState(  738): Sending oneway calls to frozen process.
02-16 20:42:25.668 D/WifiNl80211Manager(  738): Scan result ready event
02-16 20:42:25.668 D/WifiNative(  738): Scan result ready event
02-16 20:42:25.679 I/WifiScanner(10124): onFullResults
02-16 20:42:25.679 I/WifiScanner(10124): onFullResults
02-16 20:42:25.699 I/HalDevMgr(  738): bestIfaceCreationProposal is null, requestIface=STA, existingIface=[name=wlan0 type=STA]
--------- beginning of system
02-16 20:42:27.126 D/ActivityManager(  738): freezing 18725 com.google.android.apps.messaging
02-16 20:42:27.409 I/HalDevMgr(  738): bestIfaceCreationProposal is null, requestIface=STA, existingIface=[name=wlan0 type=STA]
02-16 20:42:30.012 W/AS.PlaybackActivityMon(  738): No piid assigned for invalid/internal port id 15
02-16 20:42:30.061 V/WindowManager(  738): DesktopModeLaunchParamsModifier: phase= 0 task=null activity=null display-from-option=0 display-id=0 task-display-area-windowing-mode=1 suggested-display-area=DefaultTaskDisplayArea@246154265 task null, skipping
02-16 20:42:30.066 V/WindowManager(  738): TaskLaunchParamsModifier:phase=0 task=null activity=null display-from-option=0 display-id=0 task-display-area-windowing-mode=1 suggested-display-area=DefaultTaskDisplayArea@246154265
02-16 20:42:30.093 V/GrammaticalInflectionUtils(  738): AttributionSource: android.content.AttributionSource@11c4d30b does not have READ_SYSTEM_GRAMMATICAL_GENDER permission.
02-16 20:42:30.631 W/Looper  (  738): Slow delivery took 461ms android.ui app=system_server main=false group=TOP_APP h=android.view.GestureDetector$GestureHandler c=null m=3
02-16 20:42:30.651 V/WindowManager(  738): DesktopModeLaunchParamsModifier: phase= 0 task=null activity=ActivityRecord{51557382 u0 com.ferchr.app/.MainActivity display-from-option=0 display-id=0 task-display-area-windowing-mode=1 suggested-display-area=DefaultTaskDisplayArea@246154265 task null, skipping
02-16 20:42:30.652 W/AudioFlinger(  586): write blocked for 564 msecs, 6 delayed writes, thread 13
02-16 20:42:30.652 D/AudioFlinger(  586): mixer(0x73d89faf7790) throttle end: throttle time(8)
02-16 20:42:30.652 V/WindowManager(  738): TaskLaunchParamsModifier:phase=0 task=null activity=ActivityRecord{51557382 u0 com.ferchr.app/.MainActivity t-1} display-from-option=0 display-id=0 task-display-area-windowing-mode=1 suggested-display-area=DefaultTaskDisplayArea@246154265
02-16 20:42:30.652 V/WindowManager(  738): DesktopModeLaunchParamsModifier: phase= 3 task=null activity=ActivityRecord{51557382 u0 com.ferchr.app/.MainActivity t-1} display-from-option=0 display-id=0 task-display-area-windowing-mode=1 suggested-display-area=DefaultTaskDisplayArea@246154265 task null, skipping
02-16 20:42:30.652 V/WindowManager(  738): TaskLaunchParamsModifier:phase=3 task=null activity=ActivityRecord{51557382 u0 com.ferchr.app/.MainActivity t-1} display-from-option=0 display-id=0 task-display-area-windowing-mode=1 suggested-display-area=DefaultTaskDisplayArea@246154265 inherit-from-source=fullscreen non-freeform-task-display-area display-area=DefaultTaskDisplayArea@246154265 skip-bounds-fullscreen
02-16 20:42:30.701 V/WindowManager(  738): DesktopModeLaunchParamsModifier: phase= 3 task=Task{474aac7 #89 type=standard A=10231:com.ferchr.app} activity=ActivityRecord{51557382 u0 com.ferchr.app/.MainActivity t-1} display-from-option=0 display-id=0 task-display-area-windowing-mode=1 suggested-display-area=DefaultTaskDisplayArea@246154265 not entering desktop mode, skipping
02-16 20:42:30.701 V/WindowManager(  738): TaskLaunchParamsModifier:phase=3 task=Task{474aac7 #89 type=standard A=10231:com.ferchr.app} activity=ActivityRecord{51557382 u0 com.ferchr.app/.MainActivity t-1} display-from-option=0 display-id=0 task-display-area-windowing-mode=1 suggested-display-area=DefaultTaskDisplayArea@246154265 inherit-from-source=fullscreen non-freeform-task-display-area display-area=DefaultTaskDisplayArea@246154265 skip-bounds-fullscreen
02-16 20:42:30.706 D/AudioFlinger(  586): mixer(0x73d89faf7790) throttle end: throttle time(9)
02-16 20:42:30.711 I/HalDevMgr(  738): bestIfaceCreationProposal is null, requestIface=STA, existingIface=[name=wlan0 type=STA]
02-16 20:42:30.727 I/ActivityTaskManager(  738): START u0 {act=android.intent.action.MAIN cat=[android.intent.category.LAUNCHER] flg=0x10200000 xflg=0x4 cmp=com.ferchr.app/.MainActivity bnds=[795,1034][1050,1325]} with LAUNCH_SINGLE_TASK from uid 10183 (com.google.android.apps.nexuslauncher) (sr=184739247) (BAL_ALLOW_VISIBLE_WINDOW) result code=0
02-16 20:42:30.728 V/WindowManagerShell( 1054): Transition requested (#94): android.os.BinderProxy@f6a18b1 TransitionRequestInfo { type = OPEN, triggerTask = TaskInfo{userId=0 taskId=89 effectiveUid=10231 displayId=0 isRunning=true baseIntent=Intent { act=android.intent.action.MAIN cat=[android.intent.category.LAUNCHER] flg=0x10200000 cmp=com.ferchr.app/.MainActivity } baseActivity=ComponentInfo{com.ferchr.app/com.ferchr.app.MainActivity} topActivity=ComponentInfo{com.ferchr.app/com.ferchr.app.MainActivity} origActivity=null realActivity=ComponentInfo{com.ferchr.app/com.ferchr.app.MainActivity} numActivities=1 lastActiveTime=88992519 supportsMultiWindow=true resizeMode=1 isResizeable=true minWidth=-1 minHeight=-1 defaultMinSize=220 token=WCT{android.os.BinderProxy@d98a196} topActivityType=1 pictureInPictureParams=null shouldDockBigOverlays=false launchIntoPipHostTaskId=-1 lastParentTaskIdBeforePip=-1 displayCutoutSafeInsets=Rect(0, 0 - 0, 0) topActivityInfo=ActivityInfo{b3cb117 com.ferchr.app.MainActivity} launchCookies=[android.os.BinderProxy@5969904] positionInParent=Point(0, 0) parentTaskId=-1 isFocused=false isVisible=false isVisibleRequested=false isTopActivityNoDisplay=false isSleeping=false locusId=null displayAreaFeatureId=1 isTopActivityTransparent=false isActivityStackTransparent=false lastNonFullscreenBounds=null capturedLink=null capturedLinkTimestamp=0 requestedVisibleTypes=503 topActivityRequestOpenInBrowserEducationTimestamp=0 appCompatTaskInfo=AppCompatTaskInfo { topActivityInSizeCompat=false isLeafTask= true eligibleForLetterboxEducation= false isLetterboxEducationEnabled= true isLetterboxDoubleTapEnabled= false eligibleForUserAspectRatioButton= false topActivityBoundsLetterboxed= false isFromLetterboxDoubleTap= false topActivityLetterboxVerticalPosition= -1 topActivityLetterboxHorizontalPosition= -1 topActivityLetterboxWidth=-1 topActivityLetterboxHeight=-1 topActivityAppBounds=Rect(0, 0 - 1080, 2400) isUserFullscreenOverrideEnabled=false isSystemFullscreenOverrideEnabled=false hasMinAspectRatioOverride=false topActivityLetterboxBounds=null cameraCompatTaskInfo=CameraCompatTaskInfo { cameraCompatMode=inactive0} topNonResizableActivityAspectRatio=-1.0} topActivityMainWindowFrame=null isAppBubble=false}, pipChange = null, remoteTransition = RemoteTransition { remoteTransition = android.window.IRemoteTransition$Stub$Proxy@d68eed, appThread = android.app.IApplicationThread$Stub$Proxy@3354122, debugName = QuickstepLaunch }, displayChange = null, requestedLocation = null, userChange = null, windowingLayerChange = null, flags = 0, debugId = 94 }
02-16 20:42:30.732 D/StatsLog( 1208): LAUNCHER_APP_LAUNCH_TAP
02-16 20:42:30.736 D/StatsLog( 1208): LAUNCHER_HOTSEAT_RANKED
02-16 20:42:30.738 I/Choreographer( 1208): Skipped 44 frames!  The application may be doing too much work on its main thread.
02-16 20:42:30.809 W/ActivityManager(  738): Slow operation: 72ms so far, now at startProcess: after getProcessRecord
02-16 20:42:30.811 W/ActivityManager(  738): Slow operation: 74ms so far, now at startProcess: creating new process record
02-16 20:42:30.813 D/BaseActivity( 1208): Launcher flags updated: [state_started|state_resumed|state_deferred_resumed|state_window_focused] -[state_user_active]
02-16 20:42:30.814 D/BaseActivity( 1208): Launcher flags updated: [state_started|state_window_focused] -[state_resumed|state_deferred_resumed]
02-16 20:42:30.814 W/SplitSelectStateCtor( 1208): Missing session instanceIds
02-16 20:42:30.814 D/StatsLog( 1208): LAUNCHER_SPLIT_SELECTION_EXIT_INTERRUPTED
02-16 20:42:30.851 D/ShellSplitScreen( 1054): logExit: no-op, mLoggerSessionId is null
02-16 20:42:30.854 V/WindowManagerShell( 1054): RemoteTransition directly requested for (#94) android.os.BinderProxy@f6a18b1: RemoteTransition { remoteTransition = android.window.IRemoteTransition$Stub$Proxy@d68eed, appThread = android.app.IApplicationThread$Stub$Proxy@3354122, debugName = QuickstepLaunch }
02-16 20:42:30.854 V/WindowManagerShell( 1054): Transition (#94): request handled by DefaultMixedHandler
02-16 20:42:30.875 V/GrammaticalInflectionUtils(  738): AttributionSource: android.content.AttributionSource@11c4d30b does not have READ_SYSTEM_GRAMMATICAL_GENDER permission.
02-16 20:42:30.889 D/WindowOnBackDispatcher( 1054): setTopOnBackInvokedCallback (unwrapped): android.view.ViewRootImpl$$ExternalSyntheticLambda12@3fcce88
02-16 20:42:30.894 D/WindowManagerShell( 1054): setLauncherKeepClearAreaHeight: visible=false, height=495
02-16 20:42:30.906 W/ActivityManager(  738): Slow operation: 169ms so far, now at startProcess: done creating new process record
02-16 20:42:30.910 W/ActivityManager(  738): Slow operation: 173ms so far, now at startProcess: stepping in to startProcess
02-16 20:42:30.915 W/ActivityManager(  738): Slow operation: 176ms so far, now at startProcess: done starting proc!
02-16 20:42:30.919 I/HWUI    ( 1208): Davey! duration=820ms; Flags=0, FrameTimelineVsyncId=511753, IntendedVsync=88991796693808, Vsync=88992530027112, InputEventId=0, HandleInputStart=88992542994100, AnimationStart=88992543045200, PerformTraversalsStart=88992551227200, DrawStart=88992554321000, FrameDeadline=88991830027140, FrameStartTime=88992542048900, FrameInterval=16666666, WorkloadTarget=16666666, SyncQueued=88992555098400, SyncStart=88992595879500, IssueDrawCommandsStart=88992596084000, SwapBuffers=88992642803000, FrameCompleted=88992657657600, DequeueBufferDuration=55200, QueueBufferDuration=562300, GpuCompleted=88992657383300, SwapBuffersCompleted=88992657657600, DisplayPresentTime=0, CommandSubmissionCompleted=88992642803000, 
02-16 20:42:30.947 V/WindowManager(  738): Defer transition id=94 for TaskFragmentTransaction=android.os.Binder@863dde
02-16 20:42:30.948 V/WindowManager(  738): deferTransitionReady deferReadyDepth=1 stack=com.android.server.wm.TransitionController.deferTransitionReady:1061 com.android.server.wm.TaskFragmentOrganizerController$TaskFragmentOrganizerState.dispatchTransaction:517 com.android.server.wm.TaskFragmentOrganizerController.dispatchPendingEvents:1259 com.android.server.wm.TaskFragmentOrganizerController.dispatchPendingEvents:1228 com.android.server.wm.RootWindowContainer.performSurfacePlacement:777 
02-16 20:42:30.966 D/Zygote  (  515): Forked child process 19481
02-16 20:42:30.971 D/BackgroundInstallControlService(  738): Package event received: 0
02-16 20:42:30.992 D/QuickstepModelDelegate( 1208): notifyAppTargetEvent action=1 launchLocation=all-apps
02-16 20:42:30.996 D/RecentsView( 1208): onTaskDisplayChanged: 89, new displayId = 0
02-16 20:42:31.004 D/CoreBackPreview(  738): Window{5872c63 u0 Splash Screen com.ferchr.app}: Setting back callback OnBackInvokedCallbackInfo{mCallback=android.window.IOnBackInvokedCallback$Stub$Proxy@7b62bbf, mPriority=0, mIsAnimationCallback=false, mOverrideBehavior=0}
02-16 20:42:31.027 W/ActivityManager(  738): Slow operation: 117ms so far, now at startProcess: returned from zygote!
02-16 20:42:31.042 W/ActivityManager(  738): Slow operation: 121ms so far, now at startProcess: done updating battery stats
02-16 20:42:31.051 W/ActivityManager(  738): Slow operation: 141ms so far, now at startProcess: building log message
02-16 20:42:31.051 I/ActivityManager(  738): Start proc 19481:com.ferchr.app/u0a231 for next-top-activity {com.ferchr.app/com.ferchr.app.MainActivity}
02-16 20:42:31.051 W/ActivityManager(  738): Slow operation: 141ms so far, now at startProcess: starting to update pids map
02-16 20:42:31.051 W/ActivityManager(  738): Slow operation: 141ms so far, now at startProcess: done updating pids map
02-16 20:42:31.051 D/b/417220811( 1208): invalidateLoadedTasks - previous requestLoadId: -1
02-16 20:42:31.052 D/b/417220811( 1208): invalidateLoadedTasks - previous requestLoadId: -1
02-16 20:42:31.094 W/libbinder.IPCThreadState(  638): Sending oneway calls to frozen process.
02-16 20:42:31.095 W/libbinder.IPCThreadState(  638): Sending oneway calls to frozen process.
02-16 20:42:31.095 W/libbinder.IPCThreadState(  638): Sending oneway calls to frozen process.
02-16 20:42:31.095 W/libbinder.IPCThreadState(  638): Sending oneway calls to frozen process.
02-16 20:42:31.095 I/libbinder.BpBinder(  590): onLastStrongRef automatically unlinking death recipients for descriptor: '(not cached)'
02-16 20:42:31.143 I/Zygote  (19481): Process 19481 created for com.ferchr.app
02-16 20:42:31.155 I/com.ferchr.app(19481): Using CollectorTypeCMC GC.
02-16 20:42:31.203 W/com.ferchr.app(19481): Unexpected CPU variant for x86: x86_64.
02-16 20:42:31.203 W/com.ferchr.app(19481): Known variants: atom, sandybridge, silvermont, goldmont, goldmont-plus, goldmont-without-sha-xsaves, tremont, kabylake, alderlake, default
02-16 20:42:31.426 V/WindowManager(  738): Continue transition id=94 for TaskFragmentTransaction=android.os.Binder@863dde
02-16 20:42:31.426 V/WindowManager(  738): continueTransitionReady deferReadyDepth=0 stack=com.android.server.wm.TransitionController.continueTransitionReady:1071 com.android.server.wm.TaskFragmentOrganizerController$TaskFragmentOrganizerState.onTransactionFinished:546 com.android.server.wm.TaskFragmentOrganizerController.onTransactionHandled:740 android.window.ITaskFragmentOrganizerController$Stub.onTransact:225 android.os.Binder.execTransactInternal:1473 
02-16 20:42:31.431 D/BaseActivity( 1208): Launcher flags updated: [state_started] -[state_window_focused]
02-16 20:42:31.535 W/ProcessStats(  738): Tracking association SourceState{30ede80 system/1000 BFgs #16204} whose proc state 4 is better than process ProcessState{4a55df1 com.google.android.ext.services/10198 pkg=com.google.android.ext.services} proc state 14 (3 skipped)
02-16 20:42:31.536 W/Looper  (  738): Drained
02-16 20:42:31.594 D/b/417220811( 1208): invalidateLoadedTasks - previous requestLoadId: -1
02-16 20:42:31.703 I/Choreographer( 1054): Skipped 35 frames!  The application may be doing too much work on its main thread.
02-16 20:42:31.716 W/Looper  (  738): Slow dispatch took 179ms android.ui app=system_server main=false group=TOP_APP h=com.android.server.am.ActivityManagerService$UiHandler c=com.android.server.am.UidObserverController$$ExternalSyntheticLambda0@adf76c1 m=0
02-16 20:42:31.728 I/HWUI    ( 1054): Davey! duration=737ms; Flags=1, FrameTimelineVsyncId=511801, IntendedVsync=88992630027108, Vsync=88992680027106, InputEventId=0, HandleInputStart=88992691611500, AnimationStart=88992691744000, PerformTraversalsStart=88992691887000, DrawStart=88993016308900, FrameDeadline=88992646693774, FrameStartTime=88992691581200, FrameInterval=16666666, WorkloadTarget=16666666, SyncQueued=88993018311100, SyncStart=88993138553400, IssueDrawCommandsStart=88993268856500, SwapBuffers=88993428820600, FrameCompleted=88993487476500, DequeueBufferDuration=62000, QueueBufferDuration=9057100, GpuCompleted=88993487476500, SwapBuffersCompleted=88993465099600, DisplayPresentTime=0, CommandSubmissionCompleted=88993428820600, 
02-16 20:42:31.735 D/nativeloader(19481): Load libframework-connectivity-tiramisu-jni.so using APEX ns com_android_tethering for caller /apex/com.android.tethering/javalib/framework-connectivity-t.jar: ok
02-16 20:42:31.892 V/WindowManager(  738): Sent Transition (#94) createdAt=02-16 20:42:30.096 via request=TransitionRequestInfo { type = OPEN, triggerTask = TaskInfo{userId=0 taskId=89 effectiveUid=10231 displayId=0 isRunning=true baseIntent=Intent { act=android.intent.action.MAIN cat=[android.intent.category.LAUNCHER] flg=0x10200000 cmp=com.ferchr.app/.MainActivity } baseActivity=ComponentInfo{com.ferchr.app/com.ferchr.app.MainActivity} topActivity=ComponentInfo{com.ferchr.app/com.ferchr.app.MainActivity} origActivity=null realActivity=ComponentInfo{com.ferchr.app/com.ferchr.app.MainActivity} numActivities=1 lastActiveTime=88992519 supportsMultiWindow=true resizeMode=1 isResizeable=true minWidth=-1 minHeight=-1 defaultMinSize=220 token=WCT{RemoteToken{97d3b7 Task{474aac7 #89 type=standard A=10231:com.ferchr.app}}} topActivityType=1 pictureInPictureParams=null shouldDockBigOverlays=false launchIntoPipHostTaskId=-1 lastParentTaskIdBeforePip=-1 displayCutoutSafeInsets=Rect(0, 0 - 0, 0) topActivityInfo=ActivityInfo{9b11724 com.ferchr.app.MainActivity} launchCookies=[android.os.BinderProxy@f4c028d] positionInParent=Point(0, 0) parentTaskId=-1 isFocused=false isVisible=false isVisibleRequested=false isTopActivityNoDisplay=false isSleeping=false locusId=null displayAreaFeatureId=1 isTopActivityTransparent=false isActivityStackTransparent=false lastNonFullscreenBounds=null capturedLink=null capturedLinkTimestamp=0 requestedVisibleTypes=503 topActivityRequestOpenInBrowserEducationTimestamp=0 appCompatTaskInfo=AppCompatTaskInfo { topActivityInSizeCompat=false isLeafTask= true eligibleForLetterboxEducation= false isLetterboxEducationEnabled= true isLetterboxDoubleTapEnabled= false eligibleForUserAspectRatioButton= false topActivityBoundsLetterboxed= false isFromLetterboxDoubleTap= false topActivityLetterboxVerticalPosition= -1 topActivityLetterboxHorizontalPosition= -1 topActivityLetterboxWidth=-1 topActivityLetterboxHeight=-1 topActivityAppBounds=Rect(0, 0 - 1080, 2400) isUserFullscreenOverrideEnabled=false isSystemFullscreenOverrideEnabled=false hasMinAspectRatioOverride=false topActivityLetterboxBounds=null cameraCompatTaskInfo=CameraCompatTaskInfo { cameraCompatMode=inactive0} topNonResizableActivityAspectRatio=-1.0} topActivityMainWindowFrame=null isAppBubble=false}, pipChange = null, remoteTransition = RemoteTransition { remoteTransition = android.window.IRemoteTransition$Stub$Proxy@2323c42, appThread = android.app.IApplicationThread$Stub$Proxy@acbf453, debugName = QuickstepLaunch }, displayChange = null, requestedLocation = null, userChange = null, windowingLayerChange = null, flags = 0, debugId = 94 }
02-16 20:42:31.892 V/WindowManager(  738):     startWCT=WindowContainerTransaction { changes= {} hops= [] errorCallbackToken=null taskFragmentOrganizer=null }
02-16 20:42:31.892 V/WindowManager(  738):     info={id=94 t=OPEN f=0x0 trk=0 r=[0@Point(0, 0)] c=[
02-16 20:42:31.892 V/WindowManager(  738):         {WCT{RemoteToken{97d3b7 Task{474aac7 #89 type=standard A=10231:com.ferchr.app}}} m=OPEN f=NONE leash=Surface(name=Task=89#1586)/@0xc2edd5 sb=Rect(0, 0 - 1080, 2400) eb=Rect(0, 0 - 1080, 2400) epz=Point(1080, 2400) d=0 taskParent=-1 winMode=1 userId=0},
02-16 20:42:31.892 V/WindowManager(  738):         {WCT{RemoteToken{f83251b Task{c383616 #1 type=home}}} m=TO_BACK f=SHOW_WALLPAPER leash=Surface(name=Task=1#44)/@0xc42265d sb=Rect(0, 0 - 1080, 2400) eb=Rect(0, 0 - 1080, 2400) epz=Point(1080, 2400) d=0 taskParent=-1 winMode=1 userId=0},
02-16 20:42:31.892 V/WindowManager(  738):         {m=TO_BACK f=IS_WALLPAPER leash=Surface(name=WallpaperWindowToken{fe8566c}#60)/@0x531c842 sb=Rect(0, 0 - 1080, 2400) eb=Rect(0, 0 - 1080, 2400) epz=Point(1080, 2400) d=0}
02-16 20:42:31.892 V/WindowManager(  738):     ]}
02-16 20:42:31.893 V/WindowManagerShell( 1054): onTransitionReady(transaction=3169685878856)
02-16 20:42:31.920 V/ShellTaskOrganizer( 1054): Task appeared taskId=89 listener=FullscreenTaskListener
02-16 20:42:31.930 V/ShellTaskOrganizer( 1054): Fullscreen Task Appeared: #89
02-16 20:42:31.930 V/WindowManagerShell( 1054): onTransitionReady (#94) android.os.BinderProxy@f6a18b1: {id=94 t=OPEN f=0x0 trk=0 r=[0@Point(0, 0)] c=[
02-16 20:42:31.930 V/WindowManagerShell( 1054):         {m=OPEN f=NONE leash=Surface(name=Task=89#1586)/@0x3bb83a3 sb=Rect(0, 0 - 1080, 2400) eb=Rect(0, 0 - 1080, 2400) epz=Point(1080, 2400) d=0 taskParent=-1 winMode=1 userId=0},
02-16 20:42:31.930 V/WindowManagerShell( 1054):         {m=TO_BACK f=SHOW_WALLPAPER leash=Surface(name=Task=1#44)/@0xc04e6a0 sb=Rect(0, 0 - 1080, 2400) eb=Rect(0, 0 - 1080, 2400) epz=Point(1080, 2400) d=0 taskParent=-1 winMode=1 userId=0},
02-16 20:42:31.930 V/WindowManagerShell( 1054):         {m=TO_BACK f=IS_WALLPAPER leash=Surface(name=WallpaperWindowToken{fe8566c}#60)/@0x5daee1e sb=Rect(0, 0 - 1080, 2400) eb=Rect(0, 0 - 1080, 2400) epz=Point(1080, 2400) d=0}
02-16 20:42:31.930 V/WindowManagerShell( 1054):     ]}
02-16 20:42:31.930 D/b/417220811( 1208): invalidateLoadedTasks - previous requestLoadId: -1
02-16 20:42:31.938 V/WindowManagerShell( 1054): Playing animation for (#94) android.os.BinderProxy@f6a18b1@0
02-16 20:42:31.938 V/WindowManagerShell( 1054):  try firstHandler com.android.wm.shell.transition.DefaultMixedHandler@6c2cd72
02-16 20:42:31.938 V/WindowManagerShell( 1054): Mixed transition for opening an intent with a remote transition and PIP or Desktop #94
02-16 20:42:31.938 V/WindowManagerShell( 1054): tryAnimateOpenIntentWithRemoteAndPipOrDesktop
02-16 20:42:31.939 V/WindowManagerShell( 1054):  Delegate animation for (#94) to RemoteTransition { remoteTransition = android.window.IRemoteTransition$Stub$Proxy@d68eed, appThread = android.app.IApplicationThread$Stub$Proxy@3354122, debugName = QuickstepLaunch }
02-16 20:42:31.940 W/android.hardware.audio@7.1-impl.ranchu(  527): pcmWrite:259 pcm_writei failed with 'cannot read/write stream data: I/O error' (-1)
02-16 20:42:31.940 E/android.hardware.audio@7.1-impl.ranchu(  527): pcmWrite:260 failure: -1
02-16 20:42:32.012 V/WindowManagerShell( 1054):  animated by firstHandler
02-16 20:42:32.044 D/LauncherStateManager( 1208): StateManager.cancelAnimation: animation ongoing: false, partial trace:
02-16 20:42:32.044 D/LauncherStateManager( 1208): 	at com.android.launcher3.statemanager.StateManager.setCurrentAnimation(go/retraceme 7101499b44b219b757f6885b35ae099b24fc769225595efcaaacae5b0f94500b:18)
02-16 20:42:32.044 D/LauncherStateManager( 1208): 	at com.android.launcher3.QuickstepTransitionManager$AppLaunchAnimationRunner.onAnimationStart(go/retraceme 7101499b44b219b757f6885b35ae099b24fc769225595efcaaacae5b0f94500b:430)
02-16 20:42:32.044 D/LauncherStateManager( 1208): 	at com.android.launcher3.LauncherAnimationRunner$$ExternalSyntheticLambda2.run(go/retraceme 7101499b44b219b757f6885b35ae099b24fc769225595efcaaacae5b0f94500b:72)
02-16 20:42:32.044 W/android.hardware.audio@7.1-impl.ranchu(  527): pcmWrite:259 pcm_writei failed with 'cannot read/write stream data: I/O error' (-1)
02-16 20:42:32.044 E/android.hardware.audio@7.1-impl.ranchu(  527): pcmWrite:260 failure: -1
02-16 20:42:32.194 W/android.hardware.audio@7.1-impl.ranchu(  527): pcmWrite:259 pcm_writei failed with 'cannot read/write stream data: I/O error' (-1)
02-16 20:42:32.223 E/android.hardware.audio@7.1-impl.ranchu(  527): pcmWrite:260 failure: -1
02-16 20:42:32.345 W/android.hardware.audio@7.1-impl.ranchu(  527): pcmWrite:259 pcm_writei failed with 'cannot read/write stream data: I/O error' (-1)
02-16 20:42:32.345 E/android.hardware.audio@7.1-impl.ranchu(  527): pcmWrite:260 failure: -1
02-16 20:42:32.455 W/android.hardware.audio@7.1-impl.ranchu(  527): pcmWrite:259 pcm_writei failed with 'cannot read/write stream data: I/O error' (-1)
02-16 20:42:32.455 E/android.hardware.audio@7.1-impl.ranchu(  527): pcmWrite:260 failure: -1
02-16 20:42:32.521 D/BackgroundInstallControlService(  738): Package event received: 0
02-16 20:42:32.547 W/ActivityManager(  738): Slow operation: 59ms so far, now at attachApplicationLocked: after updateOomAdjLocked
02-16 20:42:32.565 W/android.hardware.audio@7.1-impl.ranchu(  527): pcmWrite:259 pcm_writei failed with 'cannot read/write stream data: I/O error' (-1)
02-16 20:42:32.565 E/android.hardware.audio@7.1-impl.ranchu(  527): pcmWrite:260 failure: -1
02-16 20:42:32.654 V/WindowManagerShell( 1054): Received remote transition finished callback for (#94)
02-16 20:42:32.654 W/Looper  (  738): Slow dispatch took 110ms android.ui app=system_server main=false group=TOP_APP h=com.android.server.am.ActivityManagerService$UiHandler c=com.android.server.am.UidObserverController$$ExternalSyntheticLambda0@adf76c1 m=0
02-16 20:42:32.662 W/libbinder.IPCThreadState(  738): Sending oneway calls to frozen process.
02-16 20:42:32.677 W/android.hardware.audio@7.1-impl.ranchu(  527): pcmWrite:259 pcm_writei failed with 'cannot read/write stream data: I/O error' (-1)
02-16 20:42:32.677 E/android.hardware.audio@7.1-impl.ranchu(  527): pcmWrite:260 failure: -1
02-16 20:42:32.677 D/SatelliteController( 1202): iisInCarrierRoamingNbIotNtn: satellite is disabled
02-16 20:42:32.679 D/SatelliteController( 1202): getCarrierRoamingNtnConnectType: Falling back to global carrier config connect type: 0
02-16 20:42:32.715 V/WindowManagerShell( 1054): Transition animation finished (aborted=false), notifying core (#94) android.os.BinderProxy@f6a18b1@0
02-16 20:42:32.787 W/android.hardware.audio@7.1-impl.ranchu(  527): pcmWrite:259 pcm_writei failed with 'cannot read/write stream data: I/O error' (-1)
02-16 20:42:32.792 E/android.hardware.audio@7.1-impl.ranchu(  527): pcmWrite:260 failure: -1
02-16 20:42:32.906 W/android.hardware.audio@7.1-impl.ranchu(  527): pcmWrite:259 pcm_writei failed with 'cannot read/write stream data: I/O error' (-1)
02-16 20:42:32.906 E/android.hardware.audio@7.1-impl.ranchu(  527): pcmWrite:260 failure: -1
02-16 20:42:32.935 V/WindowManager(  738): Finish Transition (#94): created at 02-16 20:42:30.096 collect-started=0.233ms request-sent=628.681ms started=776.093ms ready=1684.353ms sent=1717.918ms commit=269.575ms finished=2805.441ms
02-16 20:42:33.016 W/android.hardware.audio@7.1-impl.ranchu(  527): pcmWrite:259 pcm_writei failed with 'cannot read/write stream data: I/O error' (-1)
02-16 20:42:33.025 E/android.hardware.audio@7.1-impl.ranchu(  527): pcmWrite:260 failure: -1
02-16 20:42:33.055 W/FrameTracker( 1208): Missed App frame:UNKNOWN: 3, 511979, 221722812, CUJ=J<LAUNCHER_APP_LAUNCH_FROM_ICON>
02-16 20:42:33.055 W/FrameTracker( 1208): Missed SF frame:UNKNOWN: 3, 511979, 221722812, CUJ=J<LAUNCHER_APP_LAUNCH_FROM_ICON>
02-16 20:42:33.056 W/FrameTracker( 1208): Missed App frame:UNKNOWN: 3, 511987, 295663099, CUJ=J<LAUNCHER_APP_LAUNCH_FROM_ICON>
02-16 20:42:33.056 W/FrameTracker( 1208): Missed SF frame:UNKNOWN: 3, 511987, 295663099, CUJ=J<LAUNCHER_APP_LAUNCH_FROM_ICON>
02-16 20:42:33.056 W/FrameTracker( 1208): Missed App frame:UNKNOWN: 3, 512002, 209553818, CUJ=J<LAUNCHER_APP_LAUNCH_FROM_ICON>
02-16 20:42:33.056 W/FrameTracker( 1208): Missed SF frame:UNKNOWN: 3, 512002, 209553818, CUJ=J<LAUNCHER_APP_LAUNCH_FROM_ICON>
02-16 20:42:33.056 W/FrameTracker( 1208): Missed App frame:UNKNOWN: 3, 512016, 185280856, CUJ=J<LAUNCHER_APP_LAUNCH_FROM_ICON>
02-16 20:42:33.056 W/FrameTracker( 1208): Missed SF frame:UNKNOWN: 3, 512016, 185280856, CUJ=J<LAUNCHER_APP_LAUNCH_FROM_ICON>
02-16 20:42:33.056 W/FrameTracker( 1208): Missed App frame:UNKNOWN: 3, 512033, 142792326, CUJ=J<LAUNCHER_APP_LAUNCH_FROM_ICON>
02-16 20:42:33.056 W/FrameTracker( 1208): Missed SF frame:UNKNOWN: 3, 512033, 142792326, CUJ=J<LAUNCHER_APP_LAUNCH_FROM_ICON>
02-16 20:42:33.056 W/FrameTracker( 1208): Missed App frame:UNKNOWN: 3, 512040, 270270861, CUJ=J<LAUNCHER_APP_LAUNCH_FROM_ICON>
02-16 20:42:33.056 W/FrameTracker( 1208): Missed SF frame:UNKNOWN: 3, 512040, 270270861, CUJ=J<LAUNCHER_APP_LAUNCH_FROM_ICON>
02-16 20:42:33.056 D/VRI[NexusLauncherActivity]( 1208): visibilityChanged oldVisibility=true newVisibility=false
02-16 20:42:33.107 D/WallpaperService( 1054): onVisibilityChanged(false): com.android.systemui.wallpapers.ImageWallpaper$CanvasEngine@6b1efcb
02-16 20:42:33.116 V/WindowManagerShell( 1054): Track 0 became idle
02-16 20:42:33.118 V/WindowManagerShell( 1054): All active transition animations finished
02-16 20:42:33.121 D/NexusLauncherModelDelegate( 1208): notifySmartspaceEvent: SmartspaceTargetEvent{mSmartspaceTarget=null, mSmartspaceActionId='null', mEventType=7}
02-16 20:42:33.133 W/android.hardware.audio@7.1-impl.ranchu(  527): pcmWrite:259 pcm_writei failed with 'cannot read/write stream data: I/O error' (-1)
02-16 20:42:33.133 E/android.hardware.audio@7.1-impl.ranchu(  527): pcmWrite:260 failure: -1
02-16 20:42:33.243 W/android.hardware.audio@7.1-impl.ranchu(  527): pcmWrite:259 pcm_writei failed with 'cannot read/write stream data: I/O error' (-1)
02-16 20:42:33.245 E/android.hardware.audio@7.1-impl.ranchu(  527): pcmWrite:260 failure: -1
02-16 20:42:33.338 D/Bubbles ( 1054): onLocusVisibilityChanged=Overview|DISABLED visible=false taskId=1
02-16 20:42:33.355 W/android.hardware.audio@7.1-impl.ranchu(  527): pcmWrite:259 pcm_writei failed with 'cannot read/write stream data: I/O error' (-1)
02-16 20:42:33.356 E/android.hardware.audio@7.1-impl.ranchu(  527): pcmWrite:260 failure: -1
02-16 20:42:33.462 W/android.hardware.audio@7.1-impl.ranchu(  527): pcmWrite:259 pcm_writei failed with 'cannot read/write stream data: I/O error' (-1)
02-16 20:42:33.464 E/android.hardware.audio@7.1-impl.ranchu(  527): pcmWrite:260 failure: -1
02-16 20:42:33.568 W/android.hardware.audio@7.1-impl.ranchu(  527): pcmWrite:259 pcm_writei failed with 'cannot read/write stream data: I/O error' (-1)
02-16 20:42:33.568 E/android.hardware.audio@7.1-impl.ranchu(  527): pcmWrite:260 failure: -1
02-16 20:42:33.634 D/nativeloader(19481): Configuring clns-9 for other apk /data/app/~~rvTZLITFnAZaAgwEbS50XA==/com.ferchr.app-IeYIJLbHscOzBFipGdsmOA==/base.apk. target_sdk_version=36, uses_libraries=, library_path=/data/app/~~rvTZLITFnAZaAgwEbS50XA==/com.ferchr.app-IeYIJLbHscOzBFipGdsmOA==/lib/x86_64:/data/app/~~rvTZLITFnAZaAgwEbS50XA==/com.ferchr.app-IeYIJLbHscOzBFipGdsmOA==/base.apk!/lib/x86_64, permitted_path=/data:/mnt/expand:/data/user/0/com.ferchr.app
02-16 20:42:33.669 W/android.hardware.audio@7.1-impl.ranchu(  527): pcmWrite:259 pcm_writei failed with 'cannot read/write stream data: I/O error' (-1)
02-16 20:42:33.669 E/android.hardware.audio@7.1-impl.ranchu(  527): pcmWrite:260 failure: -1
02-16 20:42:33.736 D/android.hardware.audio@7.1-impl.ranchu(  527): threadLoop: entering standby, frames: 12468480
02-16 20:42:33.739 D/android.hardware.audio@7.1-impl.ranchu(  527): ~TinyalsaSink: joining consumeThread
02-16 20:42:33.773 W/android.hardware.audio@7.1-impl.ranchu(  527): pcmWrite:259 pcm_writei failed with 'cannot read/write stream data: I/O error' (-1)
02-16 20:42:33.773 E/android.hardware.audio@7.1-impl.ranchu(  527): pcmWrite:260 failure: -1
02-16 20:42:33.773 D/android.hardware.audio@7.1-impl.ranchu(  527): consumeThread: exiting
02-16 20:42:33.784 D/android.hardware.audio@7.1-impl.ranchu(  527): ~TinyalsaSink: stopping PCM stream
02-16 20:42:33.816 I/HalDevMgr(  738): bestIfaceCreationProposal is null, requestIface=STA, existingIface=[name=wlan0 type=STA]
02-16 20:42:33.857 V/GraphicsEnvironment(19481): Currently set values for:
02-16 20:42:33.857 V/GraphicsEnvironment(19481):   angle_gl_driver_selection_pkgs=[]
02-16 20:42:33.857 V/GraphicsEnvironment(19481):   angle_gl_driver_selection_values=[]
02-16 20:42:33.857 V/GraphicsEnvironment(19481): com.ferchr.app is not listed in per-application setting
02-16 20:42:33.872 W/libbinder.BackendUnifiedServiceManager(19497): Thread Pool max thread count is 0. Cannot cache binder as linkToDeath cannot be implemented. serviceName: package
02-16 20:42:33.892 V/GraphicsEnvironment(19481): ANGLE allowlist from config: com.dreamgames.royalmatch com.dts.freefiremax com.dxx.firenow com.gramgames.mergedragons com.ludo.king com.mojang.minecraftpe com.my.defense com.nintendo.zaka com.os.airforce com.playrix.fishdomdd.gplay io.teslatech.callbreak jp.konami.prospia net.peakgames.toonblast
02-16 20:42:33.892 V/GraphicsEnvironment(19481): No special selections for ANGLE, returning default driver choice
02-16 20:42:33.893 V/GraphicsEnvironment(19481): Neither updatable production driver nor prerelease driver is supported.
02-16 20:42:34.137 D/AppOpHistoryHelper(  738): MetricHandler reporting 4 records.
02-16 20:42:34.249 D/ActivityManager(  738): sync unfroze 2934 com.google.android.partnersetup for 6
02-16 20:42:34.302 E/TaskPersister(  738): File error accessing recents directory (directory doesn't exist?).
02-16 20:42:34.722 W/FirebaseApp(19481): Default FirebaseApp failed to initialize because no default options were found. This usually means that com.google.gms:google-services was not applied to your gradle project.
02-16 20:42:34.722 I/FirebaseInitProvider(19481): FirebaseApp initialization unsuccessful
02-16 20:42:34.974 I/artd    ( 1953): GetBestInfo: odex next to the dex file (/data/app/~~CoV3MX7_cwwHLHc1U2yB3A==/com.google.android.gms-iXHKP2n7npt7_Mz0IbwRnw==/oat/x86_64/base.odex) is kOatUpToDate with filter 'speed-profile' executable 'false'
02-16 20:42:35.012 I/artd    ( 1953): GetBestInfo: odex next to the dex file (/data/app/~~CoV3MX7_cwwHLHc1U2yB3A==/com.google.android.gms-iXHKP2n7npt7_Mz0IbwRnw==/oat/x86_64/split_AdsDynamite_installtime.odex) is kOatUpToDate with filter 'speed' executable 'false'
02-16 20:42:35.020 W/vold    (  250): Cannot find dev sysfs path
02-16 20:42:35.021 W/StorageManagerService(  738): Failed to get storage lifetime
02-16 20:42:35.021 I/StorageManagerService(  738): Turn off gc_urgent based on checking lifetime and charge status
02-16 20:42:35.021 I/StorageManagerService(  738): Set smart idle maintenance: latest write amount: 99, average write amount: 0, min segment threshold: 512, dirty reclaim rate: 0.5, segment reclaim weight: 2.0, period(min): 60, min gc sleep time(ms): 5000, target dirty ratio: 100
02-16 20:42:35.022 W/vold    (  250): Reading failed in /sys/fs/ext4/dm-56/free_segments: No such file or directory
02-16 20:42:35.035 I/SmartStorageMaintIdler(  738): Got smart storage maintenance service completion callback
02-16 20:42:35.038 I/artd    ( 1953): GetBestInfo: odex next to the dex file (/data/app/~~CoV3MX7_cwwHLHc1U2yB3A==/com.google.android.gms-iXHKP2n7npt7_Mz0IbwRnw==/oat/x86_64/split_CronetDynamite_installtime.odex) is kOatUpToDate with filter 'speed' executable 'false'
02-16 20:42:35.039 W/JobInfo ( 2934): Job 'com.google.android.partnersetup/.InstalledAppJobService#4096' has a deadline with no functional constraints. The deadline won't improve job execution latency. Consider removing the deadline.
02-16 20:42:35.053 W/JobInfo (  738): Job 'com.google.android.partnersetup/.InstalledAppJobService#4096' has a deadline with no functional constraints. The deadline won't improve job execution latency. Consider removing the deadline.
02-16 20:42:35.054 I/artd    ( 1953): GetBestInfo: odex next to the dex file (/data/app/~~CoV3MX7_cwwHLHc1U2yB3A==/com.google.android.gms-iXHKP2n7npt7_Mz0IbwRnw==/oat/x86_64/split_DynamiteLoader_installtime.odex) is kOatUpToDate with filter 'speed' executable 'false'
02-16 20:42:35.059 D/DesktopExperienceFlags(19481): Toggle override initialized to: false
02-16 20:42:35.084 I/artd    ( 1953): GetBestInfo: odex next to the dex file (/data/app/~~CoV3MX7_cwwHLHc1U2yB3A==/com.google.android.gms-iXHKP2n7npt7_Mz0IbwRnw==/oat/x86_64/split_DynamiteModulesA_installtime.odex) is kOatUpToDate with filter 'speed' executable 'false'
02-16 20:42:35.096 W/SoLoader(19481): Initializing SoLoader: 0
02-16 20:42:35.103 I/artd    ( 1953): GetBestInfo: odex next to the dex file (/data/app/~~CoV3MX7_cwwHLHc1U2yB3A==/com.google.android.gms-iXHKP2n7npt7_Mz0IbwRnw==/oat/x86_64/split_DynamiteModulesC_installtime.odex) is kOatUpToDate with filter 'speed' executable 'false'
02-16 20:42:35.114 W/SoLoader(19481): Recording new base apk path: /data/app/~~rvTZLITFnAZaAgwEbS50XA==/com.ferchr.app-IeYIJLbHscOzBFipGdsmOA==/base.apk
02-16 20:42:35.114 W/SoLoader(19481): Previously recorded 0 base apk paths.
02-16 20:42:35.120 I/artd    ( 1953): GetBestInfo: odex next to the dex file (/data/app/~~CoV3MX7_cwwHLHc1U2yB3A==/com.google.android.gms-iXHKP2n7npt7_Mz0IbwRnw==/oat/x86_64/split_GoogleCertificates_installtime.odex) is kOatUpToDate with filter 'speed' executable 'false'
02-16 20:42:35.134 I/SoLoader(19481): Preparing SO source: DirectorySoSource[root = /vendor/lib64 flags = 2]
02-16 20:42:35.134 I/SoLoader(19481): Preparing SO source: DirectorySoSource[root = /system/lib64 flags = 2]
02-16 20:42:35.134 I/SoLoader(19481): Preparing SO source: DirectApkSoSource[root = [/data/app/~~rvTZLITFnAZaAgwEbS50XA==/com.ferchr.app-IeYIJLbHscOzBFipGdsmOA==/base.apk!/lib/x86_64]]
02-16 20:42:35.135 W/Looper  (  738): Slow dispatch took 229ms main app=system_server main=true group=FOREGROUND h=android.app.job.JobServiceEngine$JobHandler c=null m=2
02-16 20:42:35.136 W/Looper  (  738): Slow delivery took 202ms main app=system_server main=true group=FOREGROUND h=com.android.server.power.Notifier$NotifierHandler c=com.android.server.power.Notifier$$ExternalSyntheticLambda2@c2dce07 m=0
02-16 20:42:35.144 I/artd    ( 1953): GetBestInfo: odex next to the dex file (/data/app/~~CoV3MX7_cwwHLHc1U2yB3A==/com.google.android.gms-iXHKP2n7npt7_Mz0IbwRnw==/oat/x86_64/split_MapsDynamite_installtime.odex) is kOatUpToDate with filter 'speed' executable 'false'
02-16 20:42:35.149 I/SoLoader(19481): Preparing SO source: ApplicationSoSource[DirectorySoSource[root = /data/app/~~rvTZLITFnAZaAgwEbS50XA==/com.ferchr.app-IeYIJLbHscOzBFipGdsmOA==/lib/x86_64 flags = 0]]
02-16 20:42:35.150 I/SoLoader(19481): init finish: 4 SO sources prepared
02-16 20:42:35.151 W/SoLoader(19481): SoLoader initialized: 8
02-16 20:42:35.155 I/artd    ( 1953): GetBestInfo: odex next to the dex file (/data/app/~~CoV3MX7_cwwHLHc1U2yB3A==/com.google.android.gms-iXHKP2n7npt7_Mz0IbwRnw==/oat/x86_64/split_MeasurementDynamite_installtime.odex) is kOatUpToDate with filter 'speed' executable 'false'
02-16 20:42:35.163 I/artd    ( 1953): GetBestInfo: /data/user_de/0/com.google.android.gms/app_chimera/m/00000014/dl-MlkitOcrCommon.optional_254730100800.apk has no usable artifacts
02-16 20:42:35.165 I/artd    ( 1953): GetBestInfo: /data/user_de/0/com.google.android.gms/app_chimera/m/00000001/CronetDynamite.apk has no usable artifacts
02-16 20:42:35.171 I/artd    ( 1953): GetBestInfo: /data/user_de/0/com.google.android.gms/app_chimera/m/00000002/DynamiteLoader.apk has no usable artifacts
02-16 20:42:35.196 I/artd    ( 1953): GetBestInfo: /data/user_de/0/com.google.android.gms/app_chimera/m/0000000a/dl-TfliteDynamiteDynamite.integ_243930802100800.apk has no usable artifacts
02-16 20:42:35.208 W/JobScheduler(  738): Job didn't exist in JobStore: e8fa98 #u0a144/4096 com.google.android.partnersetup/.InstalledAppJobService
02-16 20:42:35.210 W/JobInfo ( 2934): Job 'com.google.android.partnersetup/.InstalledAppJobService#4096' has a deadline with no functional constraints. The deadline won't improve job execution latency. Consider removing the deadline.
02-16 20:42:35.210 I/artd    ( 1953): GetBestInfo: /data/user_de/0/com.google.android.gms/app_chimera/m/00000005/GoogleCertificates.apk has no usable artifacts
02-16 20:42:35.216 W/JobScheduler(  738): Job didn't exist in JobStore: 91d32f1 #1000/2808 android/com.android.server.SmartStorageMaintIdler
02-16 20:42:35.219 W/Looper  (  738): Drained
02-16 20:42:35.234 I/artd    ( 1953): GetBestInfo: /data/user/0/com.google.android.gms/app_dg_cache/3E7B8642D2C3A70E57BF17BBA509AC6EF658CD43/the.apk has no usable artifacts
02-16 20:42:35.235 W/JobInfo (  738): Job 'com.google.android.partnersetup/.InstalledAppJobService#4096' has a deadline with no functional constraints. The deadline won't improve job execution latency. Consider removing the deadline.
02-16 20:42:35.248 I/artd    ( 1953): GetBestInfo: /data/user_de/0/com.google.android.gms/app_chimera/m/0000000c/dl-Appsearch.optional_253434100800.apk has no usable artifacts
02-16 20:42:35.275 I/artd    ( 1953): GetBestInfo: /data/user_de/0/com.google.android.gms/app_chimera/m/00000015/dl-Appsearch.optional_254730100800.apk has no usable artifacts
02-16 20:42:35.296 I/artd    ( 1953): GetBestInfo: /data/user_de/0/com.google.android.gms/app_chimera/m/00000010/dl-PlayCloudSearch.optional_253434100000.apk has no usable artifacts
02-16 20:42:35.323 I/artd    ( 1953): GetBestInfo: /data/user/0/com.google.android.gms/app_dg_cache/F0F8A06E96E38F743B8A604780FBF66862861FC4/the.apk has no usable artifacts
02-16 20:42:35.340 I/artd    ( 1953): GetBestInfo: /data/user/0/com.google.android.gms/app_dg_cache/340EB38090EA011D0D9DA2A3BF92ADF73C6EB4AB/the.apk has no usable artifacts
02-16 20:42:35.344 D/nativeloader(19481): Load /data/app/~~rvTZLITFnAZaAgwEbS50XA==/com.ferchr.app-IeYIJLbHscOzBFipGdsmOA==/base.apk!/lib/x86_64/libc++_shared.so using class loader ns clns-9 (caller=/data/app/~~rvTZLITFnAZaAgwEbS50XA==/com.ferchr.app-IeYIJLbHscOzBFipGdsmOA==/base.apk!classes2.dex): ok
02-16 20:42:35.350 I/artd    ( 1953): GetBestInfo: /data/user/0/com.google.android.gms/app_dg_cache/04F6ED04BE9680552BDAB237D58588E1686BFC89/the.apk has no usable artifacts
02-16 20:42:35.364 I/artd    ( 1953): GetBestInfo: /data/user/0/com.google.android.gms/app_dg_cache/5AC9373FDFDAAD124F293DA08D126973E019582A/the.apk has no usable artifacts
