02-16 20:42:35.390 I/artd    ( 1953): GetBestInfo: vdex next to the dex file (/data/user/0/com.google.android.gms/app_dg_cache/94DF452EEF4B8E717545DCDEA6CC3C50A319A195/oat/x86_64/the.vdex) is kOatUpToDate with filter 'verify' executable 'false'
02-16 20:42:35.413 I/artd    ( 1953): GetBestInfo: /data/user/0/com.google.android.gms/app_dg_cache/4C804C498047991068B7703A3662CB65242D8D66/the.apk has no usable artifacts
02-16 20:42:35.456 I/artd    ( 1953): GetBestInfo: /data/user_de/0/com.google.android.gms/app_chimera/m/0000000e/dl-MlkitBarcodeUi.optional_253434100800.apk has no usable artifacts
02-16 20:42:35.471 I/artd    ( 1953): GetBestInfo: /data/user_de/0/com.google.android.gms/app_chimera/m/00000016/dl-MlkitBarcodeUi.optional_254730100800.apk has no usable artifacts
02-16 20:42:35.481 I/artd    ( 1953): GetBestInfo: /data/user_de/0/com.google.android.gms/app_chimera/m/00000012/dl-PlayCloudSearch.optional_254730100000.apk has no usable artifacts
02-16 20:42:35.492 I/artd    ( 1953): GetBestInfo: /data/user_de/0/com.google.android.gms/app_chimera/m/00000008/dl-VisionOcr.optional_253434100000.apk has no usable artifacts
02-16 20:42:35.517 I/artd    ( 1953): GetBestInfo: /data/user_de/0/com.google.android.gms/app_chimera/m/00000009/dl-MlkitOcrCommon.optional_253434100800.apk has no usable artifacts
02-16 20:42:35.530 I/artd    ( 1953): GetBestInfo: /data/user/0/com.google.android.gms/app_dg_cache/15D933DA74A5E14CBAC1F1D9A7E06645AFA4B38C/the.apk has no usable artifacts
02-16 20:42:35.538 I/artd    ( 1953): GetBestInfo: /data/user/0/com.google.android.gms/app_dg_cache/DC1EE363D503CBB1EFD9328CC8B301C5C22788F9/the.apk has no usable artifacts
02-16 20:42:35.555 I/artd    ( 1953): GetBestInfo: /data/user_de/0/com.google.android.gms/app_chimera/m/00000011/dl-VisionOcr.optional_254730100000.apk has no usable artifacts
02-16 20:42:35.562 I/artd    ( 1953): GetBestInfo: /data/user_de/0/com.google.android.gms/app_chimera/m/00000019/dl-TfliteDynamiteDynamite.integ_252130102100800.apk has no usable artifacts
02-16 20:42:35.570 I/artd    ( 1953): GetBestInfo: /data/user_de/0/com.google.android.gms/app_chimera/m/00000007/MeasurementDynamite.apk has no usable artifacts
02-16 20:42:35.578 D/nativeloader(19481): Load /data/app/~~rvTZLITFnAZaAgwEbS50XA==/com.ferchr.app-IeYIJLbHscOzBFipGdsmOA==/base.apk!/lib/x86_64/libjsi.so using class loader ns clns-9 (caller=/data/app/~~rvTZLITFnAZaAgwEbS50XA==/com.ferchr.app-IeYIJLbHscOzBFipGdsmOA==/base.apk!classes2.dex): ok
02-16 20:42:35.586 I/artd    ( 1953): GetBestInfo: /data/user/0/com.google.android.gms/app_dg_cache/1F581356BF4B59901D0F7EA66B202E5AF16400E0/the.apk has no usable artifacts
02-16 20:42:35.621 W/id.partnersetup( 2934): Reducing the number of considered missed Gc histogram windows from 1486 to 100
02-16 20:42:35.635 D/nativeloader(19481): Load /data/app/~~rvTZLITFnAZaAgwEbS50XA==/com.ferchr.app-IeYIJLbHscOzBFipGdsmOA==/base.apk!/lib/x86_64/libfbjni.so using class loader ns clns-9 (caller=/data/app/~~rvTZLITFnAZaAgwEbS50XA==/com.ferchr.app-IeYIJLbHscOzBFipGdsmOA==/base.apk!classes2.dex): ok
02-16 20:42:35.694 W/libbinder.Binder(  738): Binder transaction to android.content.pm.IPackageManager code 1598311760 took 1799ms. Data bytes: 80 Reply bytes: 4 Flags: 16
02-16 20:42:35.817 D/nativeloader(19481): Load /data/app/~~rvTZLITFnAZaAgwEbS50XA==/com.ferchr.app-IeYIJLbHscOzBFipGdsmOA==/base.apk!/lib/x86_64/libreactnative.so using class loader ns clns-9 (caller=/data/app/~~rvTZLITFnAZaAgwEbS50XA==/com.ferchr.app-IeYIJLbHscOzBFipGdsmOA==/base.apk!classes2.dex): ok
02-16 20:42:35.832 D/jni_lib_merge(19481): Entering merged library JNI_OnLoad.
02-16 20:42:35.832 D/jni_lib_merge(19481): Preparing 12 pre-merged libs (including stub)
02-16 20:42:35.834 D/jni_lib_merge(19481): Preparing to register libfabricjni_so.  onload_func: 0x71679deb0ba0
02-16 20:42:35.834 D/jni_lib_merge(19481): Preparing to register libreact_devsupportjni_so.  onload_func: 0x71679df8c530
02-16 20:42:35.835 D/jni_lib_merge(19481): Preparing to register libreact_featureflagsjni_so.  onload_func: 0x71679df9f0a0
02-16 20:42:35.835 D/jni_lib_merge(19481): Preparing to register libreact_newarchdefaults_so.  onload_func: 0x71679dfc5fa0
02-16 20:42:35.835 D/jni_lib_merge(19481): Preparing to register libreactnativeblob_so.  onload_func: 0x71679e06da50
02-16 20:42:35.835 D/jni_lib_merge(19481): Preparing to register libreactnativejni_so.  onload_func: 0x71679e0888c0
02-16 20:42:35.835 D/jni_lib_merge(19481): Preparing to register libreactnativejni_common_so.  onload_func: 0x71679e08f150
02-16 20:42:35.835 D/jni_lib_merge(19481): Preparing to register librninstance_so.  onload_func: 0x71679e0ad450
02-16 20:42:35.835 D/jni_lib_merge(19481): Preparing to register libturbomodulejsijni_so.  onload_func: 0x71679e158b80
02-16 20:42:35.835 D/jni_lib_merge(19481): Preparing to register libuimanagerjni_so.  onload_func: 0x71679e160ab0
02-16 20:42:35.835 D/jni_lib_merge(19481): Preparing to register libyoga_so.  onload_func: 0x71679e168130
02-16 20:42:35.835 D/jni_lib_merge(19481): About to register 11 actual methods.
02-16 20:42:35.933 D/nativeloader(19481): Load /data/app/~~rvTZLITFnAZaAgwEbS50XA==/com.ferchr.app-IeYIJLbHscOzBFipGdsmOA==/base.apk!/lib/x86_64/libreact_codegen_rnscreens.so using class loader ns clns-9 (caller=/data/app/~~rvTZLITFnAZaAgwEbS50XA==/com.ferchr.app-IeYIJLbHscOzBFipGdsmOA==/base.apk!classes2.dex): ok
02-16 20:42:35.933 D/jni_lib_merge(19481): Entering merged library JNI_OnLoad.
02-16 20:42:35.933 D/jni_lib_merge(19481): Preparing 12 pre-merged libs (including stub)
02-16 20:42:35.933 D/jni_lib_merge(19481): Preparing to register libfabricjni_so.  onload_func: 0x71679deb0ba0
02-16 20:42:35.934 D/jni_lib_merge(19481): Preparing to register libreact_devsupportjni_so.  onload_func: 0x71679df8c530
02-16 20:42:35.935 D/jni_lib_merge(19481): Preparing to register libreact_featureflagsjni_so.  onload_func: 0x71679df9f0a0
02-16 20:42:35.935 D/jni_lib_merge(19481): Preparing to register libreact_newarchdefaults_so.  onload_func: 0x71679dfc5fa0
02-16 20:42:35.936 D/jni_lib_merge(19481): Preparing to register libreactnativeblob_so.  onload_func: 0x71679e06da50
02-16 20:42:35.936 D/jni_lib_merge(19481): Preparing to register libreactnativejni_so.  onload_func: 0x71679e0888c0
02-16 20:42:35.936 D/jni_lib_merge(19481): Preparing to register libreactnativejni_common_so.  onload_func: 0x71679e08f150
02-16 20:42:35.936 D/jni_lib_merge(19481): Preparing to register librninstance_so.  onload_func: 0x71679e0ad450
02-16 20:42:35.936 D/jni_lib_merge(19481): Preparing to register libturbomodulejsijni_so.  onload_func: 0x71679e158b80
02-16 20:42:35.936 D/jni_lib_merge(19481): Preparing to register libuimanagerjni_so.  onload_func: 0x71679e160ab0
02-16 20:42:35.936 D/jni_lib_merge(19481): Preparing to register libyoga_so.  onload_func: 0x71679e168130
02-16 20:42:35.936 D/jni_lib_merge(19481): About to register 11 actual methods.
02-16 20:42:35.975 D/nativeloader(19481): Load /data/app/~~rvTZLITFnAZaAgwEbS50XA==/com.ferchr.app-IeYIJLbHscOzBFipGdsmOA==/base.apk!/lib/x86_64/libreact_codegen_rnsvg.so using class loader ns clns-9 (caller=/data/app/~~rvTZLITFnAZaAgwEbS50XA==/com.ferchr.app-IeYIJLbHscOzBFipGdsmOA==/base.apk!classes2.dex): ok
02-16 20:42:35.978 D/jni_lib_merge(19481): Entering merged library JNI_OnLoad.
02-16 20:42:35.978 D/jni_lib_merge(19481): Preparing 12 pre-merged libs (including stub)
02-16 20:42:35.978 D/jni_lib_merge(19481): Preparing to register libfabricjni_so.  onload_func: 0x71679deb0ba0
02-16 20:42:35.979 D/jni_lib_merge(19481): Preparing to register libreact_devsupportjni_so.  onload_func: 0x71679df8c530
02-16 20:42:35.979 D/jni_lib_merge(19481): Preparing to register libreact_featureflagsjni_so.  onload_func: 0x71679df9f0a0
02-16 20:42:35.979 D/jni_lib_merge(19481): Preparing to register libreact_newarchdefaults_so.  onload_func: 0x71679dfc5fa0
02-16 20:42:35.979 D/jni_lib_merge(19481): Preparing to register libreactnativeblob_so.  onload_func: 0x71679e06da50
02-16 20:42:35.979 D/jni_lib_merge(19481): Preparing to register libreactnativejni_so.  onload_func: 0x71679e0888c0
02-16 20:42:35.979 D/jni_lib_merge(19481): Preparing to register libreactnativejni_common_so.  onload_func: 0x71679e08f150
02-16 20:42:35.979 D/jni_lib_merge(19481): Preparing to register librninstance_so.  onload_func: 0x71679e0ad450
02-16 20:42:35.979 D/jni_lib_merge(19481): Preparing to register libturbomodulejsijni_so.  onload_func: 0x71679e158b80
02-16 20:42:35.979 D/jni_lib_merge(19481): Preparing to register libuimanagerjni_so.  onload_func: 0x71679e160ab0
02-16 20:42:35.979 D/jni_lib_merge(19481): Preparing to register libyoga_so.  onload_func: 0x71679e168130
02-16 20:42:35.979 D/jni_lib_merge(19481): About to register 11 actual methods.
02-16 20:42:36.010 D/nativeloader(19481): Load /data/app/~~rvTZLITFnAZaAgwEbS50XA==/com.ferchr.app-IeYIJLbHscOzBFipGdsmOA==/base.apk!/lib/x86_64/libreact_codegen_safeareacontext.so using class loader ns clns-9 (caller=/data/app/~~rvTZLITFnAZaAgwEbS50XA==/com.ferchr.app-IeYIJLbHscOzBFipGdsmOA==/base.apk!classes2.dex): ok
02-16 20:42:36.058 D/nativeloader(19481): Load /data/app/~~rvTZLITFnAZaAgwEbS50XA==/com.ferchr.app-IeYIJLbHscOzBFipGdsmOA==/base.apk!/lib/x86_64/libappmodules.so using class loader ns clns-9 (caller=/data/app/~~rvTZLITFnAZaAgwEbS50XA==/com.ferchr.app-IeYIJLbHscOzBFipGdsmOA==/base.apk!classes2.dex): ok
02-16 20:42:36.096 D/BackgroundInstallControlService(  738): Package event received: 0
02-16 20:42:36.096 D/BackgroundInstallControlService(  738): Package event received: 0
02-16 20:42:36.111 I/Choreographer(19481): Skipped 65 frames!  The application may be doing too much work on its main thread.
02-16 20:42:36.134 I/DisplayManager(19481): Choreographer implicitly registered for the refresh rate.
02-16 20:42:36.420 D/AppCompatDelegate(19481): Checking for metadata for AppLocalesMetadataHolderService : Service not found
02-16 20:42:36.485 E/ashmem  (19481): Pinning is deprecated since Android Q. Please use trim or other methods.
02-16 20:42:36.604 I/GFXSTREAM(19481): [eglDisplay.cpp(297)] Opening libGLESv1_CM_emulation.so
02-16 20:42:36.606 I/GFXSTREAM(19481): [eglDisplay.cpp(297)] Opening libGLESv2_emulation.so
02-16 20:42:36.839 W/HWUI    (19481): Failed to choose config with EGL_SWAP_BEHAVIOR_PRESERVED, retrying without...
02-16 20:42:36.844 W/HWUI    (19481): Failed to initialize 101010-2 format, error = EGL_SUCCESS
02-16 20:42:36.848 D/CompatChangeReporter(19481): Compat change id reported: 377864165; UID 10231; state: ENABLED
02-16 20:42:36.854 D/DesktopModeFlags(19481): Toggle override initialized to: OVERRIDE_UNSET
02-16 20:42:36.906 I/HalDevMgr(  738): bestIfaceCreationProposal is null, requestIface=STA, existingIface=[name=wlan0 type=STA]
02-16 20:42:37.323 W/unknown:BridgelessReact(19481): ReactHost{0}.startSurface(surfaceId = 0): Schedule
02-16 20:42:37.324 W/unknown:BridgelessReact(19481): ReactHost{0}.attachSurface(surfaceId = 0)
02-16 20:42:37.334 W/unknown:BridgelessReact(19481): ReactHost{0}.getOrCreateReactInstanceTask()
02-16 20:42:37.341 W/unknown:BridgelessReact(19481): ReactHost{0}.getOrCreateReactInstanceTask(): Start
02-16 20:42:37.341 W/unknown:BridgelessReact(19481): ReactHost{0}.getJSBundleLoader()
02-16 20:42:37.363 W/unknown:BridgelessReact(19481): ReactHost{0}.getOrCreateReactContext(): Creating BridgelessReactContext
02-16 20:42:37.372 W/unknown:BridgelessReact(19481): ReactHost{0}.getOrCreateReactInstanceTask(): Creating ReactInstance
02-16 20:42:37.394 W/WindowOnBackDispatcher(19481): OnBackInvokedCallback is not enabled for the application.
02-16 20:42:37.394 W/WindowOnBackDispatcher(19481): Set 'android:enableOnBackInvokedCallback="true"' in the application manifest.
02-16 20:42:37.464 W/unknown:BridgelessReact(19481): ReactHost{0}.onHostResume(activity)
02-16 20:42:37.464 W/unknown:BridgelessReact(19481): ReactContext.onHostResume()
02-16 20:42:37.585 D/nativeloader(19481): Load /data/app/~~rvTZLITFnAZaAgwEbS50XA==/com.ferchr.app-IeYIJLbHscOzBFipGdsmOA==/base.apk!/lib/x86_64/libhermes.so using class loader ns clns-9 (caller=/data/app/~~rvTZLITFnAZaAgwEbS50XA==/com.ferchr.app-IeYIJLbHscOzBFipGdsmOA==/base.apk!classes2.dex): ok
02-16 20:42:37.612 D/nativeloader(19481): Load /data/app/~~rvTZLITFnAZaAgwEbS50XA==/com.ferchr.app-IeYIJLbHscOzBFipGdsmOA==/base.apk!/lib/x86_64/libhermestooling.so using class loader ns clns-9 (caller=/data/app/~~rvTZLITFnAZaAgwEbS50XA==/com.ferchr.app-IeYIJLbHscOzBFipGdsmOA==/base.apk!classes2.dex): ok
02-16 20:42:37.612 D/jni_lib_merge(19481): Entering merged library JNI_OnLoad.
02-16 20:42:37.612 D/jni_lib_merge(19481): Preparing 4 pre-merged libs (including stub)
02-16 20:42:37.612 D/jni_lib_merge(19481): Preparing to register libhermes_executor_so.  onload_func: 0x71679daa8730
02-16 20:42:37.612 D/jni_lib_merge(19481): Preparing to register libhermesinstancejni_so.  onload_func: 0x71679daafdb0
02-16 20:42:37.612 D/jni_lib_merge(19481): Preparing to register libjsijniprofiler_so.  onload_func: 0x71679dab0540
02-16 20:42:37.612 D/jni_lib_merge(19481): About to register 3 actual methods.
02-16 20:42:37.720 W/HWUI    (19481): Unknown dataspace 0
02-16 20:42:37.880 D/VRI[MainActivity](19481): WindowInsets changed: 1080x2400 statusBars:[0,63,0,0] navigationBars:[0,0,0,63] mandatorySystemGestures:[0,63,0,84] 
02-16 20:42:38.041 D/WindowOnBackDispatcher(19481): setTopOnBackInvokedCallback (unwrapped): android.view.ViewRootImpl$$ExternalSyntheticLambda12@c74aaf1
02-16 20:42:38.054 D/CoreBackPreview(  738): Window{b6eb882 u0 com.ferchr.app/com.ferchr.app.MainActivity}: Setting back callback OnBackInvokedCallbackInfo{mCallback=android.window.IOnBackInvokedCallback$Stub$Proxy@34613c9, mPriority=0, mIsAnimationCallback=false, mOverrideBehavior=0}
02-16 20:42:38.402 I/FontLog (10124): (REDACTED) Received query %s, URI %s
02-16 20:42:38.403 I/FontLog (10124): (REDACTED) Query [%s] resolved to %s
02-16 20:42:38.455 I/FontLog (10124): (REDACTED) Fetch %s end status %s
02-16 20:42:38.689 I/FontLog (10124): (REDACTED) Pulling font file for id = %d, cache size = %d
02-16 20:42:38.699 I/HWUI    (19481): Using FreeType backend (prop=Auto)
02-16 20:42:38.828 I/FontLog (10124): (REDACTED) Pulling font file for id = %d, cache size = %d
02-16 20:42:38.901 I/ExpoModulesCore(19481):  AppContext was initialized
02-16 20:42:39.124 W/unknown:BridgelessReact(19481): ReactHost{0}.getOrCreateReactInstanceTask(): Loading JS Bundle
02-16 20:42:39.136 W/unknown:BridgelessReact(19481): ReactHost{0}.getOrCreateReactInstanceTask(): Calling DevSupportManagerBase.onNewReactContextCreated(reactContext)
02-16 20:42:39.158 W/unknown:BridgelessReact(19481): ReactHost{0}.startSurface(surfaceId = 0): Execute
02-16 20:42:39.173 W/unknown:BridgelessReact(19481): ReactContext.onHostResume()
02-16 20:42:39.173 W/unknown:BridgelessReact(19481): ReactHost{0}.getOrCreateReactInstanceTask(): Executing ReactInstanceEventListeners
02-16 20:42:39.400 D/nativeloader(19481): Load /data/app/~~rvTZLITFnAZaAgwEbS50XA==/com.ferchr.app-IeYIJLbHscOzBFipGdsmOA==/base.apk!/lib/x86_64/libexpo-modules-core.so using class loader ns clns-9 (caller=/data/app/~~rvTZLITFnAZaAgwEbS50XA==/com.ferchr.app-IeYIJLbHscOzBFipGdsmOA==/base.apk!classes2.dex): ok
02-16 20:42:39.596 W/unknown:ViewManagerPropertyUpdater(19481): Could not find generated setter for class com.th3rdwave.safeareacontext.SafeAreaProviderManager
02-16 20:42:39.611 W/unknown:ViewManagerPropertyUpdater(19481): Could not find generated setter for class com.facebook.react.uimanager.LayoutShadowNode
02-16 20:42:39.613 W/unknown:ViewManagerPropertyUpdater(19481): Could not find generated setter for class com.swmansion.rnscreens.SearchBarManager
02-16 20:42:39.629 W/unknown:ViewManagerPropertyUpdater(19481): Could not find generated setter for class expo.modules.kotlin.views.GroupViewManagerWrapper
02-16 20:42:39.631 W/unknown:ViewManagerPropertyUpdater(19481): Could not find generated setter for class com.swmansion.rnscreens.ScreenFooterManager
02-16 20:42:39.646 W/unknown:ViewManagerPropertyUpdater(19481): Could not find generated setter for class com.swmansion.rnscreens.gamma.tabs.TabScreenViewManager
02-16 20:42:39.652 W/unknown:ViewManagerPropertyUpdater(19481): Could not find generated setter for class com.swmansion.rnscreens.ScreenContainerViewManager
02-16 20:42:39.654 W/unknown:ViewManagerPropertyUpdater(19481): Could not find generated setter for class com.swmansion.rnscreens.gamma.tabs.TabsHostViewManager
02-16 20:42:39.663 W/unknown:ViewManagerPropertyUpdater(19481): Could not find generated setter for class com.swmansion.rnscreens.ModalScreenViewManager
02-16 20:42:39.672 W/unknown:ViewManagerPropertyUpdater(19481): Could not find generated setter for class com.swmansion.rnscreens.ScreenStackHeaderConfigViewManager
02-16 20:42:39.676 W/unknown:ViewManagerPropertyUpdater(19481): Could not find generated setter for class com.swmansion.rnscreens.ScreenContentWrapperManager
02-16 20:42:39.678 W/unknown:ViewManagerPropertyUpdater(19481): Could not find generated setter for class com.th3rdwave.safeareacontext.SafeAreaViewManager
02-16 20:42:39.683 W/unknown:ViewManagerPropertyUpdater(19481): Could not find generated setter for class com.th3rdwave.safeareacontext.SafeAreaViewShadowNode
02-16 20:42:39.688 W/unknown:ViewManagerPropertyUpdater(19481): Could not find generated setter for class com.swmansion.rnscreens.ScreenViewManager
02-16 20:42:39.691 W/unknown:ViewManagerPropertyUpdater(19481): Could not find generated setter for class expo.modules.kotlin.views.SimpleViewManagerWrapper
02-16 20:42:39.692 W/unknown:ViewManagerPropertyUpdater(19481): Could not find generated setter for class com.swmansion.rnscreens.ScreenStackHeaderSubviewManager
02-16 20:42:39.699 W/unknown:ViewManagerPropertyUpdater(19481): Could not find generated setter for class com.swmansion.rnscreens.ScreenStackViewManager
02-16 20:42:39.740 W/unknown:ViewManagerPropertyUpdater(19481): Could not find generated setter for class com.horcrux.svg.RenderableViewManager$DefsViewManager
02-16 20:42:39.744 W/unknown:ViewManagerPropertyUpdater(19481): Could not find generated setter for class com.horcrux.svg.VirtualViewManager$RenderableShadowNode
02-16 20:42:39.749 W/unknown:ViewManagerPropertyUpdater(19481): Could not find generated setter for class com.horcrux.svg.RenderableViewManager$FeMergeManager
02-16 20:42:39.763 W/unknown:ViewManagerPropertyUpdater(19481): Could not find generated setter for class com.facebook.react.views.safeareaview.ReactSafeAreaViewManager
02-16 20:42:39.764 W/unknown:ViewManagerPropertyUpdater(19481): Could not find generated setter for class com.facebook.react.views.safeareaview.ReactSafeAreaViewShadowNode
02-16 20:42:39.772 W/unknown:ViewManagerPropertyUpdater(19481): Could not find generated setter for class com.horcrux.svg.RenderableViewManager$LinearGradientManager
02-16 20:42:39.786 W/unknown:ViewManagerPropertyUpdater(19481): Could not find generated setter for class com.horcrux.svg.RenderableViewManager$FeGaussianBlurManager
02-16 20:42:39.795 W/unknown:ViewManagerPropertyUpdater(19481): Could not find generated setter for class com.facebook.react.views.progressbar.ReactProgressBarViewManager
02-16 20:42:39.797 W/unknown:ViewManagerPropertyUpdater(19481): Could not find generated setter for class com.facebook.react.views.progressbar.ProgressBarShadowNode
02-16 20:42:39.808 W/unknown:ViewManagerPropertyUpdater(19481): Could not find generated setter for class com.facebook.react.views.scroll.ReactHorizontalScrollViewManager
02-16 20:42:39.830 W/unknown:ViewManagerPropertyUpdater(19481): Could not find generated setter for class com.facebook.react.views.text.ReactTextViewManager
02-16 20:42:39.835 W/unknown:ViewManagerPropertyUpdater(19481): Could not find generated setter for class com.facebook.react.views.text.ReactTextShadowNode
02-16 20:42:39.848 W/unknown:ViewManagerPropertyUpdater(19481): Could not find generated setter for class com.horcrux.svg.RenderableViewManager$FeColorMatrixManager
02-16 20:42:39.856 W/unknown:ViewManagerPropertyUpdater(19481): Could not find generated setter for class com.facebook.react.views.scroll.ReactHorizontalScrollContainerViewManager
02-16 20:42:39.866 W/unknown:ViewManagerPropertyUpdater(19481): Could not find generated setter for class com.horcrux.svg.RenderableViewManager$ClipPathViewManager
02-16 20:42:39.875 W/unknown:ViewManagerPropertyUpdater(19481): Could not find generated setter for class com.horcrux.svg.RenderableViewManager$SymbolManager
02-16 20:42:39.885 W/unknown:ViewManagerPropertyUpdater(19481): Could not find generated setter for class com.horcrux.svg.RenderableViewManager$PatternManager
02-16 20:42:39.895 W/unknown:ViewManagerPropertyUpdater(19481): Could not find generated setter for class com.horcrux.svg.RenderableViewManager$FeBlendManager
02-16 20:42:39.898 W/unknown:ViewManagerPropertyUpdater(19481): Could not find generated setter for class com.facebook.react.views.view.ReactViewManager
02-16 20:42:39.904 W/unknown:ViewManagerPropertyUpdater(19481): Could not find generated setter for class com.horcrux.svg.SvgViewManager
02-16 20:42:39.918 W/unknown:ViewManagerPropertyUpdater(19481): Could not find generated setter for class com.facebook.react.views.switchview.ReactSwitchManager
02-16 20:42:39.923 W/unknown:ViewManagerPropertyUpdater(19481): Could not find generated setter for class com.facebook.react.views.switchview.ReactSwitchShadowNode
02-16 20:42:39.934 W/unknown:ViewManagerPropertyUpdater(19481): Could not find generated setter for class com.horcrux.svg.RenderableViewManager$UseViewManager
02-16 20:42:39.945 W/unknown:ViewManagerPropertyUpdater(19481): Could not find generated setter for class com.horcrux.svg.RenderableViewManager$CircleViewManager
02-16 20:42:39.956 W/unknown:ViewManagerPropertyUpdater(19481): Could not find generated setter for class com.horcrux.svg.RenderableViewManager$TSpanViewManager
02-16 20:42:39.965 I/HalDevMgr(  738): bestIfaceCreationProposal is null, requestIface=STA, existingIface=[name=wlan0 type=STA]
02-16 20:42:39.968 W/unknown:ViewManagerPropertyUpdater(19481): Could not find generated setter for class com.horcrux.svg.RenderableViewManager$FilterManager
02-16 20:42:39.988 W/unknown:ViewManagerPropertyUpdater(19481): Could not find generated setter for class com.horcrux.svg.RenderableViewManager$MarkerManager
02-16 20:42:39.997 W/unknown:ViewManagerPropertyUpdater(19481): Could not find generated setter for class com.facebook.react.views.modal.ReactModalHostManager
02-16 20:42:40.006 W/unknown:ViewManagerPropertyUpdater(19481): Could not find generated setter for class com.horcrux.svg.RenderableViewManager$ForeignObjectManager
02-16 20:42:40.015 W/unknown:ViewManagerPropertyUpdater(19481): Could not find generated setter for class com.horcrux.svg.RenderableViewManager$EllipseViewManager
02-16 20:42:40.024 W/unknown:ViewManagerPropertyUpdater(19481): Could not find generated setter for class com.horcrux.svg.RenderableViewManager$LineViewManager
02-16 20:42:40.033 W/unknown:ViewManagerPropertyUpdater(19481): Could not find generated setter for class com.facebook.react.views.text.frescosupport.FrescoBasedReactTextInlineImageViewManager
02-16 20:42:40.033 W/unknown:ViewManagerPropertyUpdater(19481): Could not find generated setter for class com.facebook.react.views.text.frescosupport.FrescoBasedReactTextInlineImageShadowNode
02-16 20:42:40.040 W/unknown:ViewManagerPropertyUpdater(19481): Could not find generated setter for class com.horcrux.svg.RenderableViewManager$FeFloodManager
02-16 20:42:40.051 W/unknown:ViewManagerPropertyUpdater(19481): Could not find generated setter for class com.horcrux.svg.RenderableViewManager$GroupViewManager
02-16 20:42:40.060 W/unknown:ViewManagerPropertyUpdater(19481): Could not find generated setter for class com.horcrux.svg.RenderableViewManager$TextViewManager
02-16 20:42:40.068 W/unknown:ViewManagerPropertyUpdater(19481): Could not find generated setter for class com.horcrux.svg.RenderableViewManager$ImageViewManager
02-16 20:42:40.076 W/unknown:ViewManagerPropertyUpdater(19481): Could not find generated setter for class com.horcrux.svg.RenderableViewManager$FeCompositeManager
02-16 20:42:40.085 W/unknown:ViewManagerPropertyUpdater(19481): Could not find generated setter for class com.facebook.react.views.image.ReactImageManager
02-16 20:42:40.093 W/unknown:ViewManagerPropertyUpdater(19481): Could not find generated setter for class com.horcrux.svg.RenderableViewManager$RadialGradientManager
02-16 20:42:40.101 W/unknown:ViewManagerPropertyUpdater(19481): Could not find generated setter for class com.horcrux.svg.RenderableViewManager$MaskManager
02-16 20:42:40.112 W/unknown:ViewManagerPropertyUpdater(19481): Could not find generated setter for class com.facebook.react.views.unimplementedview.ReactUnimplementedViewManager
02-16 20:42:40.122 W/unknown:ViewManagerPropertyUpdater(19481): Could not find generated setter for class com.horcrux.svg.RenderableViewManager$RectViewManager
02-16 20:42:40.131 W/unknown:ViewManagerPropertyUpdater(19481): Could not find generated setter for class com.horcrux.svg.RenderableViewManager$TextPathViewManager
02-16 20:42:40.142 W/unknown:ViewManagerPropertyUpdater(19481): Could not find generated setter for class com.facebook.react.views.scroll.ReactScrollViewManager
02-16 20:42:40.152 W/unknown:ViewManagerPropertyUpdater(19481): Could not find generated setter for class com.horcrux.svg.RenderableViewManager$FeOffsetManager
02-16 20:42:40.162 W/unknown:ViewManagerPropertyUpdater(19481): Could not find generated setter for class com.horcrux.svg.RenderableViewManager$PathViewManager
02-16 20:42:40.171 W/unknown:ViewManagerPropertyUpdater(19481): Could not find generated setter for class com.facebook.react.views.drawer.ReactDrawerLayoutManager
02-16 20:42:40.180 W/unknown:ViewManagerPropertyUpdater(19481): Could not find generated setter for class com.facebook.react.views.text.ReactVirtualTextViewManager
02-16 20:42:40.180 W/unknown:ViewManagerPropertyUpdater(19481): Could not find generated setter for class com.facebook.react.views.text.ReactVirtualTextShadowNode
02-16 20:42:40.189 W/unknown:ViewManagerPropertyUpdater(19481): Could not find generated setter for class com.facebook.react.views.swiperefresh.SwipeRefreshLayoutManager
02-16 20:42:40.197 W/unknown:ViewManagerPropertyUpdater(19481): Could not find generated setter for class com.facebook.react.views.text.ReactRawTextManager
02-16 20:42:40.198 W/unknown:ViewManagerPropertyUpdater(19481): Could not find generated setter for class com.facebook.react.views.text.ReactRawTextShadowNode
02-16 20:42:40.204 W/unknown:ViewManagerPropertyUpdater(19481): Could not find generated setter for class com.facebook.react.views.textinput.ReactTextInputManager
02-16 20:42:40.214 W/unknown:ViewManagerPropertyUpdater(19481): Could not find generated setter for class com.facebook.react.views.textinput.ReactTextInputShadowNode
02-16 20:42:40.243 W/BridgelessReactContext(19481): [WARNING] Bridgeless doesn't support CatalystInstance. Accessing an API that's not part of the new architecture is not encouraged usage.
02-16 20:42:40.296 I/ExpoModulesCore(19481):  JSI interop was installed
02-16 20:42:40.318 I/ExpoModulesCore(19481):  Constants were exported
02-16 20:42:40.429 D/nativeloader(19481): Load /data/app/~~rvTZLITFnAZaAgwEbS50XA==/com.ferchr.app-IeYIJLbHscOzBFipGdsmOA==/base.apk!/lib/x86_64/librnscreens.so using class loader ns clns-9 (caller=/data/app/~~rvTZLITFnAZaAgwEbS50XA==/com.ferchr.app-IeYIJLbHscOzBFipGdsmOA==/base.apk!classes2.dex): ok
02-16 20:42:40.445 I/ReactNativeJS(19481): Running "main"
02-16 20:42:40.464 D/InetDiagMessage(  738): Destroyed 0 sockets, proto=IPPROTO_TCP, family=AF_INET, states=14
02-16 20:42:40.464 D/InetDiagMessage(  738): Destroyed 0 sockets, proto=IPPROTO_TCP, family=AF_INET6, states=14
02-16 20:42:40.464 D/InetDiagMessage(  738): Destroyed live tcp sockets for uids={10144} in 3ms
02-16 20:42:40.465 D/InetDiagMessage(  738): Destroyed 0 sockets, proto=IPPROTO_TCP, family=AF_INET, states=14
02-16 20:42:40.468 D/InetDiagMessage(  738): Destroyed 0 sockets, proto=IPPROTO_TCP, family=AF_INET6, states=14
02-16 20:42:40.475 D/InetDiagMessage(  738): Destroyed live tcp sockets for uids={20144} in 10ms
02-16 20:42:40.585 E/ReactNativeJS(19481): [Error: Invalid supabaseUrl: Must be a valid HTTP or HTTPS URL.]
02-16 20:42:40.601 E/ReactNativeJS(19481): [Error: Invalid supabaseUrl: Must be a valid HTTP or HTTPS URL.]
02-16 20:42:40.629 E/ReactNativeJS(19481): [Error: Invalid supabaseUrl: Must be a valid HTTP or HTTPS URL.]
02-16 20:42:40.672 E/ReactNativeJS(19481): [Error: Invalid supabaseUrl: Must be a valid HTTP or HTTPS URL.]
02-16 20:42:40.677 E/ReactNativeJS(19481): [Error: Invalid supabaseUrl: Must be a valid HTTP or HTTPS URL.]
02-16 20:42:40.684 E/ReactNativeJS(19481): [Error: Invalid supabaseUrl: Must be a valid HTTP or HTTPS URL.]
02-16 20:42:40.709 E/ReactNativeJS(19481): { [TypeError: Cannot read property 'ErrorBoundary' of undefined]
02-16 20:42:40.709 E/ReactNativeJS(19481):   componentStack: '\n    at ContextNavigator (address at index.android.bundle:1:1182713)\n    at ExpoRoot (address at index.android.bundle:1:1182356)\n    at App (<anonymous>)\n    at RCTView (<anonymous>)\n    at View (address at index.android.bundle:1:523674)\n    at AppContainer (address at index.android.bundle:1:523002)',
02-16 20:42:40.709 E/ReactNativeJS(19481):   isComponentError: true }
02-16 20:42:40.721 W/ActivityTaskManager(  738): Launch timeout has expired, giving up wake lock!
02-16 20:42:40.879 I/ActivityTaskManager(  738): Displayed com.ferchr.app/.MainActivity for user 0: +10s859ms
02-16 20:42:40.903 D/BaseActivity( 1208): Launcher flags updated: [] -[state_started]
02-16 20:42:40.903 D/BaseDepthController( 1208): setSurface:
02-16 20:42:40.903 D/BaseDepthController( 1208): 	mWaitingOnSurfaceValidity: false
02-16 20:42:40.903 D/BaseDepthController( 1208): 	mBaseSurface: null
02-16 20:42:40.924 D/BaseDepthController( 1208): mSurface is null and mCurrentBlur is: 79
02-16 20:42:40.935 D/ActivityContext( 1208): hideKeyboard
02-16 20:42:40.950 D/ActivityContext( 1208): isImeShown: false
02-16 20:42:40.951 D/StatsLog( 1208): LAUNCHER_ONSTOP
02-16 20:42:40.984 D/GmsPlayProvider( 1208): Shutdown the binder channel gracefully.
02-16 20:42:40.985 D/GmsPlayProvider( 1208): Binder channel is terminated gracefully.
02-16 20:42:40.985 D/StatsLog( 1208): LAUNCHER_GOOGLE_SEARCH_RESTORE_LIST_SIZE_AFTER_ACTIVITY_RESTART
02-16 20:42:41.048 D/OneSearchSuggestProvider( 1208): Shutdown the binder channel gracefully.
02-16 20:42:41.049 D/OneSearchSuggestProvider( 1208): Binder channel is terminated gracefully.
02-16 20:42:41.104 W/Looper  (  738): Slow dispatch took 121ms android.ui app=system_server main=false group=TOP_APP h=com.android.server.am.ActivityManagerService$UiHandler c=com.android.server.am.UidObserverController$$ExternalSyntheticLambda0@adf76c1 m=0
02-16 20:42:41.107 I/ImeTracker(  738): com.ferchr.app:e7ad0d1e: onRequestHide at ORIGIN_SERVER reason HIDE_UNSPECIFIED_WINDOW fromUser false
02-16 20:42:41.155 D/BackgroundInstallControlService(  738): Package event received: 0
02-16 20:42:41.189 D/InsetsController(19481): hide(ime())
02-16 20:42:41.200 I/ImeTracker(19481): com.ferchr.app:e7ad0d1e: onCancelled at PHASE_CLIENT_ALREADY_HIDDEN
02-16 20:42:41.220 I/GoogleInputMethodService( 8457): GoogleInputMethodService.onFinishInput():2113 
02-16 20:42:41.233 I/Module  ( 8457): DeviceLockedStatusModuleProvider$Module.updateDeviceLockedStatus():103 repeatCheckTimes = 0, locked = false
02-16 20:42:41.253 I/GoogleInputMethodService( 8457): GoogleInputMethodService.onStartInput():1384 onStartInput(EditorInfo{EditorInfo{packageName=com.ferchr.app, inputType=0, inputTypeString=NULL, enableLearning=false, autoCorrection=false, autoComplete=false, imeOptions=0, privateImeOptions=null, actionName=UNSPECIFIED, actionLabel=null, initialSelStart=-1, initialSelEnd=-1, initialCapsMode=0, label=null, fieldId=0, fieldName=null, extras=null, hintText=null, hintLocales=[]}}, false)
02-16 20:42:41.264 I/ImeTracker(  738): system_server:d9c9852: onRequestHide at ORIGIN_SERVER reason IME_REQUESTED_CHANGED_LISTENER fromUser false
02-16 20:42:41.348 I/ImeTracker(  738): system_server:d9c9852: onCancelled at PHASE_SERVER_SHOULD_HIDE
02-16 20:42:41.356 I/Module  ( 8457): DeviceLockedStatusModuleProvider$Module.updateDeviceLockedStatus():103 repeatCheckTimes = 1, locked = false
02-16 20:42:41.389 W/NotificationCenter( 8457): NotificationCenter$NotificationQueue.notifyPendingNotificationsOnExecutor():877 Heavy notify work detected on UI thread: [mul->mtn, mul->mfg, mul->kpu, mul->okf, mul->kpu, mul->kpu, mul->knd, mul->kpu, mul->kpu, mul->kpu, mul->iet, mul->hmz, mul->oyp, mul->kpu, mul->kpu, mul->mte, mul->kpu, mul->lxh, mul->krx, mul->kpu, mul->kpu, mul->glg, mul->god, mul->kpu, mul->kpu, mul->kpu] takes 82ms
02-16 20:42:41.431 W/PackageConfigPersister(  738): App-specific configuration not found for packageName: com.ferchr.app and userId: 0
02-16 20:42:41.488 W/unknown:BridgelessReact(19481): ReactHost{0}.handleHostException(message = "Error: Invalid supabaseUrl: Must be a valid HTTP or HTTPS URL., stack:
02-16 20:42:41.488 W/unknown:BridgelessReact(19481): validateSupabaseUrl@1:2119501
02-16 20:42:41.488 W/unknown:BridgelessReact(19481): SupabaseClient@1:2120919
02-16 20:42:41.488 W/unknown:BridgelessReact(19481): createClient@1:2123245
02-16 20:42:41.488 W/unknown:BridgelessReact(19481): anonymous@1:2115102
02-16 20:42:41.488 W/unknown:BridgelessReact(19481): loadModuleImplementation@1:94471
02-16 20:42:41.488 W/unknown:BridgelessReact(19481): guardedLoadModule@1:93994
02-16 20:42:41.488 W/unknown:BridgelessReact(19481): metroRequire@1:93504
02-16 20:42:41.488 W/unknown:BridgelessReact(19481): anonymous@1:2109530
02-16 20:42:41.488 W/unknown:BridgelessReact(19481): loadModuleImplementation@1:94471
02-16 20:42:41.488 W/unknown:BridgelessReact(19481): guardedLoadModule@1:93994
02-16 20:42:41.488 W/unknown:BridgelessReact(19481): metroRequire@1:93504
02-16 20:42:41.488 W/unknown:BridgelessReact(19481): anonymous@1:856153
02-16 20:42:41.488 W/unknown:BridgelessReact(19481): loadModuleImplementation@1:94471
02-16 20:42:41.488 W/unknown:BridgelessReact(19481): guardedLoadModule@1:93950
02-16 20:42:41.488 W/unknown:BridgelessReact(19481): metroRequire@1:93504
02-16 20:42:41.488 W/unknown:BridgelessReact(19481): get@1:854479
02-16 20:42:41.488 W/unknown:BridgelessReact(19481): metroContext@1:854454
02-16 20:42:41.488 W/unknown:BridgelessReact(19481): loadRoute@1:1148837
02-16 20:42:41.488 W/unknown:BridgelessReact(19481): getLayoutNode@1:1150984
02-16 20:42:41.488 W/unknown:BridgelessReact(19481): _loop3@1:1148729
02-16 20:42:41.488 W/unknown:BridgelessReact(19481): getDirectoryTree@1:1146507
02-16 20:42:41.488 W/unknown:BridgelessReact(19481): getRoutes@1:1145492
02-16 20:42:41.488 W/unknown:BridgelessReact(19481): getRoutes@1:1144488
02-16 20:42:41.488 W/unknown:BridgelessReact(19481): useStore@1:1116059
02-16 20:42:41.488 W/unknown:BridgelessReact(19481): ContextNavigator@1:1182867
02-16 20:42:41.488 W/unknown:BridgelessReact(19481): renderWithHooks@1:282495
02-16 20:42:41.488 W/unknown:BridgelessReact(19481): updateFunctionComponent@1:301282
02-16 20:42:41.488 W/unknown:BridgelessReact(19481): beginWork@1:309117
02-16 20:42:41.488 W/unknown:BridgelessReact(19481): performUnitOfWork@1:327766
02-16 20:42:41.488 W/unknown:BridgelessReact(19481): workLoopSync@1:326774
02-16 20:42:41.488 W/unknown:BridgelessReact(19481): renderRootSync@1:326606
02-16 20:42:41.488 W/unknown:BridgelessReact(19481): performWorkOnRoot@1:324032
02-16 20:42:41.488 W/unknown:BridgelessReact(19481): performWorkOnRootViaSchedulerTask@1:277951
02-16 20:42:41.488 W/unknown:BridgelessReact(19481): ")
--------- beginning of crash
02-16 20:42:41.490 E/AndroidRuntime(19481): FATAL EXCEPTION: mqt_v_native
02-16 20:42:41.490 E/AndroidRuntime(19481): Process: com.ferchr.app, PID: 19481
02-16 20:42:41.490 E/AndroidRuntime(19481): com.facebook.react.common.JavascriptException: Error: Invalid supabaseUrl: Must be a valid HTTP or HTTPS URL., stack:
02-16 20:42:41.490 E/AndroidRuntime(19481): validateSupabaseUrl@1:2119501
02-16 20:42:41.490 E/AndroidRuntime(19481): SupabaseClient@1:2120919
02-16 20:42:41.490 E/AndroidRuntime(19481): createClient@1:2123245
02-16 20:42:41.490 E/AndroidRuntime(19481): anonymous@1:2115102
02-16 20:42:41.490 E/AndroidRuntime(19481): loadModuleImplementation@1:94471
02-16 20:42:41.490 E/AndroidRuntime(19481): guardedLoadModule@1:93994
02-16 20:42:41.490 E/AndroidRuntime(19481): metroRequire@1:93504
02-16 20:42:41.490 E/AndroidRuntime(19481): anonymous@1:2109530
02-16 20:42:41.490 E/AndroidRuntime(19481): loadModuleImplementation@1:94471
02-16 20:42:41.490 E/AndroidRuntime(19481): guardedLoadModule@1:93994
02-16 20:42:41.490 E/AndroidRuntime(19481): metroRequire@1:93504
02-16 20:42:41.490 E/AndroidRuntime(19481): anonymous@1:856153
02-16 20:42:41.490 E/AndroidRuntime(19481): loadModuleImplementation@1:94471
02-16 20:42:41.490 E/AndroidRuntime(19481): guardedLoadModule@1:93950
02-16 20:42:41.490 E/AndroidRuntime(19481): metroRequire@1:93504
02-16 20:42:41.490 E/AndroidRuntime(19481): get@1:854479
02-16 20:42:41.490 E/AndroidRuntime(19481): metroContext@1:854454
02-16 20:42:41.490 E/AndroidRuntime(19481): loadRoute@1:1148837
02-16 20:42:41.490 E/AndroidRuntime(19481): getLayoutNode@1:1150984
02-16 20:42:41.490 E/AndroidRuntime(19481): _loop3@1:1148729
02-16 20:42:41.490 E/AndroidRuntime(19481): getDirectoryTree@1:1146507
02-16 20:42:41.490 E/AndroidRuntime(19481): getRoutes@1:1145492
02-16 20:42:41.490 E/AndroidRuntime(19481): getRoutes@1:1144488
02-16 20:42:41.490 E/AndroidRuntime(19481): useStore@1:1116059
02-16 20:42:41.490 E/AndroidRuntime(19481): ContextNavigator@1:1182867
02-16 20:42:41.490 E/AndroidRuntime(19481): renderWithHooks@1:282495
02-16 20:42:41.490 E/AndroidRuntime(19481): updateFunctionComponent@1:301282
02-16 20:42:41.490 E/AndroidRuntime(19481): beginWork@1:309117
02-16 20:42:41.490 E/AndroidRuntime(19481): performUnitOfWork@1:327766
02-16 20:42:41.490 E/AndroidRuntime(19481): workLoopSync@1:326774
02-16 20:42:41.490 E/AndroidRuntime(19481): renderRootSync@1:326606
02-16 20:42:41.490 E/AndroidRuntime(19481): performWorkOnRoot@1:324032
02-16 20:42:41.490 E/AndroidRuntime(19481): performWorkOnRootViaSchedulerTask@1:277951
02-16 20:42:41.490 E/AndroidRuntime(19481): 
02-16 20:42:41.490 E/AndroidRuntime(19481): 	at com.facebook.react.modules.core.ExceptionsManagerModule.reportException(ExceptionsManagerModule.kt:52)
02-16 20:42:41.490 E/AndroidRuntime(19481): 	at com.facebook.jni.NativeRunnable.run(Native Method)
02-16 20:42:41.490 E/AndroidRuntime(19481): 	at android.os.Handler.handleCallback(Handler.java:1070)
02-16 20:42:41.490 E/AndroidRuntime(19481): 	at android.os.Handler.dispatchMessage(Handler.java:125)
02-16 20:42:41.490 E/AndroidRuntime(19481): 	at com.facebook.react.bridge.queue.MessageQueueThreadHandler.dispatchMessage(MessageQueueThreadHandler.kt:21)
02-16 20:42:41.490 E/AndroidRuntime(19481): 	at android.os.Looper.dispatchMessage(Looper.java:333)
02-16 20:42:41.490 E/AndroidRuntime(19481): 	at android.os.Looper.loopOnce(Looper.java:263)
02-16 20:42:41.490 E/AndroidRuntime(19481): 	at android.os.Looper.loop(Looper.java:367)
02-16 20:42:41.490 E/AndroidRuntime(19481): 	at com.facebook.react.bridge.queue.MessageQueueThreadImpl$Companion.startNewBackgroundThread$lambda$1(MessageQueueThreadImpl.kt:175)
02-16 20:42:41.490 E/AndroidRuntime(19481): 	at com.facebook.react.bridge.queue.MessageQueueThreadImpl$Companion.$r8$lambda$ldnZnqelhYFctGaUKkOKYj5rxo4(Unknown Source:0)
02-16 20:42:41.490 E/AndroidRuntime(19481): 	at com.facebook.react.bridge.queue.MessageQueueThreadImpl$Companion$$ExternalSyntheticLambda0.run(D8$$SyntheticClass:0)
02-16 20:42:41.490 E/AndroidRuntime(19481): 	at java.lang.Thread.run(Thread.java:1563)
02-16 20:42:41.507 I/DropBoxManagerService(  738): add tag=data_app_crash isTagEnabled=true flags=0x2
02-16 20:42:41.514 W/com.ferchr.app(19481): userfaultfd: MOVE ioctl seems unsupported: Connection timed out
02-16 20:42:41.514 W/ActivityTaskManager(  738):   Force finishing activity com.ferchr.app/.MainActivity
02-16 20:42:41.520 W/TransitionChain(  738): Combining AR.finish-force-crash into #95(CLOSE|R|0x10) from finishTopCrash
02-16 20:42:41.522 V/WindowManagerShell( 1054): Transition requested (#95): android.os.BinderProxy@ab886f7 TransitionRequestInfo { type = CLOSE, triggerTask = TaskInfo{userId=0 taskId=89 effectiveUid=10231 displayId=0 isRunning=true baseIntent=Intent { act=android.intent.action.MAIN cat=[android.intent.category.LAUNCHER] flg=0x10200000 cmp=com.ferchr.app/.MainActivity } baseActivity=ComponentInfo{com.ferchr.app/com.ferchr.app.MainActivity} topActivity=ComponentInfo{com.ferchr.app/com.ferchr.app.MainActivity} origActivity=null realActivity=ComponentInfo{com.ferchr.app/com.ferchr.app.MainActivity} numActivities=1 lastActiveTime=88997874 supportsMultiWindow=true resizeMode=1 isResizeable=true minWidth=-1 minHeight=-1 defaultMinSize=220 token=WCT{android.os.BinderProxy@d98a196} topActivityType=1 pictureInPictureParams=null shouldDockBigOverlays=false launchIntoPipHostTaskId=-1 lastParentTaskIdBeforePip=-1 displayCutoutSafeInsets=Rect(0, 0 - 0, 0) topActivityInfo=ActivityInfo{3bae964 com.ferchr.app.MainActivity} launchCookies=[android.os.BinderProxy@5969904] positionInParent=Point(0, 0) parentTaskId=-1 isFocused=true isVisible=true isVisibleRequested=true isTopActivityNoDisplay=false isSleeping=false locusId=null displayAreaFeatureId=1 isTopActivityTransparent=false isActivityStackTransparent=false lastNonFullscreenBounds=null capturedLink=null capturedLinkTimestamp=0 requestedVisibleTypes=503 topActivityRequestOpenInBrowserEducationTimestamp=0 appCompatTaskInfo=AppCompatTaskInfo { topActivityInSizeCompat=false isLeafTask= true eligibleForLetterboxEducation= false isLetterboxEducationEnabled= true isLetterboxDoubleTapEnabled= false eligibleForUserAspectRatioButton= false topActivityBoundsLetterboxed= false isFromLetterboxDoubleTap= false topActivityLetterboxVerticalPosition= -1 topActivityLetterboxHorizontalPosition= -1 topActivityLetterboxWidth=-1 topActivityLetterboxHeight=-1 topActivityAppBounds=Rect(0, 0 - 1080, 2400) isUserFullscreenOverrideEnabled=false isSystemFullscreenOverrideEnabled=false hasMinAspectRatioOverride=false topActivityLetterboxBounds=null cameraCompatTaskInfo=CameraCompatTaskInfo { cameraCompatMode=inactive0} topNonResizableActivityAspectRatio=-1.0} topActivityMainWindowFrame=null isAppBubble=false}, pipChange = null, remoteTransition = null, displayChange = null, requestedLocation = null, userChange = null, windowingLayerChange = null, flags = 16, debugId = 95 }
02-16 20:42:41.541 V/WindowManager(  738): Defer transition id=95 for TaskFragmentTransaction=android.os.Binder@f80698a
02-16 20:42:41.543 V/WindowManager(  738): deferTransitionReady deferReadyDepth=1 stack=com.android.server.wm.TransitionController.deferTransitionReady:1061 com.android.server.wm.TaskFragmentOrganizerController$TaskFragmentOrganizerState.dispatchTransaction:517 com.android.server.wm.TaskFragmentOrganizerController.dispatchPendingEvents:1259 com.android.server.wm.TaskFragmentOrganizerController.dispatchPendingEvents:1228 com.android.server.wm.RootWindowContainer.performSurfacePlacement:777 
02-16 20:42:41.602 I/Process (19481): Sending signal. PID: 19481 SIG: 9
02-16 20:42:41.614 D/b/417220811( 1208): invalidateLoadedTasks - previous requestLoadId: -1
02-16 20:42:41.614 I/libbinder.BpBinder(  590): onLastStrongRef automatically unlinking death recipients for descriptor: '(not cached)'
02-16 20:42:41.620 V/WindowManager(  738): Continue transition id=95 for TaskFragmentTransaction=android.os.Binder@f80698a
02-16 20:42:41.622 V/WindowManager(  738): continueTransitionReady deferReadyDepth=0 stack=com.android.server.wm.TransitionController.continueTransitionReady:1071 com.android.server.wm.TaskFragmentOrganizerController$TaskFragmentOrganizerState.onTransactionFinished:546 com.android.server.wm.TaskFragmentOrganizerController.onTransactionHandled:740 android.window.ITaskFragmentOrganizerController$Stub.onTransact:225 android.os.Binder.execTransactInternal:1473 
02-16 20:42:41.676 I/ImeTracker(  738): com.ferchr.app:88fab64c: onRequestHide at ORIGIN_SERVER reason HIDE_REMOVE_CLIENT fromUser false
02-16 20:42:41.676 I/ImeTracker(  738): com.ferchr.app:88fab64c: onCancelled at PHASE_SERVER_SHOULD_HIDE
02-16 20:42:41.681 I/WindowManager(  738): WIN DEATH: Window{b6eb882 u0 com.ferchr.app/com.ferchr.app.MainActivity}
02-16 20:42:41.683 I/ActivityManager(  738): Process com.ferchr.app (pid 19481) has died: fg  TOP 
02-16 20:42:41.685 I/Zygote  (  515): Process 19481 exited due to signal 9 (Killed)
02-16 20:42:41.740 D/InetDiagMessage(  738): Destroyed 0 sockets, proto=IPPROTO_TCP, family=AF_INET, states=14
02-16 20:42:41.742 W/TransitionChain(  738): Combining appDied into #95(CLOSE|R|0x10) from finishTopCrash
02-16 20:42:41.765 D/InetDiagMessage(  738): Destroyed 0 sockets, proto=IPPROTO_TCP, family=AF_INET6, states=14
02-16 20:42:41.765 D/InetDiagMessage(  738): Destroyed live tcp sockets for uids={10231} in 26ms
02-16 20:42:41.766 D/InetDiagMessage(  738): Destroyed 0 sockets, proto=IPPROTO_TCP, family=AF_INET, states=14
02-16 20:42:41.768 D/InetDiagMessage(  738): Destroyed 0 sockets, proto=IPPROTO_TCP, family=AF_INET6, states=14
02-16 20:42:41.768 D/InetDiagMessage(  738): Destroyed live tcp sockets for uids={20231} in 2ms
02-16 20:42:41.778 W/ActivityManager(  738): setHasOverlayUi called on unknown pid: 19481
02-16 20:42:41.779 I/libprocessgroup(  738): Removed cgroup /sys/fs/cgroup/apps/uid_10231/pid_19481
02-16 20:42:41.781 D/ViewRootImpl( 1208): Skipping stats log for color mode
02-16 20:42:41.781 D/BaseActivity( 1208): Launcher flags updated: [state_started] +[state_started]
02-16 20:42:41.782 D/BaseActivity( 1208): Launcher flags updated: [state_started|state_resumed|state_user_active] +[state_resumed|state_user_active]
02-16 20:42:41.802 D/BackgroundInstallControlService(  738): Package event received: 0
02-16 20:42:41.817 D/NexusLauncherModelDelegate( 1208): notifySmartspaceEvent: SmartspaceTargetEvent{mSmartspaceTarget=null, mSmartspaceActionId='null', mEventType=6}
02-16 20:42:41.819 D/BackgroundInstallControlService(  738): Package event received: 0
02-16 20:42:41.819 D/BackgroundInstallControlService(  738): Package event received: 0
02-16 20:42:41.832 D/WindowManagerShell( 1054): setLauncherKeepClearAreaHeight: visible=true, height=495
02-16 20:42:41.860 D/WallpaperService( 1054): onVisibilityChanged(true): com.android.systemui.wallpapers.ImageWallpaper$CanvasEngine@6b1efcb
02-16 20:42:41.869 D/BaseDepthController( 1208): setSurface:
02-16 20:42:41.869 D/BaseDepthController( 1208): 	mWaitingOnSurfaceValidity: false
02-16 20:42:41.869 D/BaseDepthController( 1208): 	mBaseSurface: Surface(name=com.google.android.apps.nexuslauncher/com.google.android.apps.nexuslauncher.NexusLauncherActivity#1605)/@0xe7f435f
02-16 20:42:41.869 V/BaseDepthController( 1208): Applying blur: 79 to Surface(name=com.google.android.apps.nexuslauncher/com.google.android.apps.nexuslauncher.NexusLauncherActivity#1605)/@0xe7f435f applyImmediately: false
02-16 20:42:41.870 D/BaseDepthController( 1208): shouldBlurWorkspace: true targetState: AllApps currentStableState: AllApps mCurrentBlur: 79 mLauncher.getDepthBlurTargets(): [com.android.launcher3.Workspace{d30d1ac V.ED..... .......D 0,0-1080,2400 #7f0a049d app:id/workspace}, com.android.launcher3.Hotseat{4b3de75 V.ED..... .......D 0,1905-1080,2400 #7f0a01ee app:id/hotseat}]
02-16 20:42:41.973 D/BaseActivity( 1208): Launcher flags updated: [state_started|state_resumed|state_deferred_resumed|state_user_active] +[state_deferred_resumed]
02-16 20:42:41.973 D/StatsLog( 1208): LAUNCHER_ONRESUME
02-16 20:42:42.019 V/WindowManagerShell( 1054): onTransitionReady(transaction=3169685878935)
02-16 20:42:42.019 V/WindowManagerShell( 1054): onTransitionReady (#95) android.os.BinderProxy@ab886f7: {id=95 t=CLOSE f=0x10 trk=0 r=[0@Point(0, 0)] c=[
02-16 20:42:42.019 V/WindowManagerShell( 1054):         {m=TO_FRONT f=SHOW_WALLPAPER|MOVE_TO_TOP leash=Surface(name=Task=1#44)/@0x3649b93 sb=Rect(0, 0 - 1080, 2400) eb=Rect(0, 0 - 1080, 2400) epz=Point(1080, 2400) d=0 taskParent=-1 winMode=1 userId=0},
02-16 20:42:42.019 V/WindowManagerShell( 1054):         {m=CLOSE f=NONE leash=Surface(name=Task=89#1586)/@0xfef37d0 sb=Rect(0, 0 - 1080, 2400) eb=Rect(0, 0 - 1080, 2400) epz=Point(1080, 2400) d=0 taskParent=-1 winMode=1 userId=0},
02-16 20:42:42.019 V/WindowManagerShell( 1054):         {m=TO_FRONT f=IS_WALLPAPER leash=Surface(name=WallpaperWindowToken{fe8566c}#60)/@0x6bc53c9 sb=Rect(0, 0 - 1080, 2400) eb=Rect(0, 0 - 1080, 2400) epz=Point(1080, 2400) d=0}
02-16 20:42:42.019 V/WindowManagerShell( 1054):     ]}
02-16 20:42:42.021 V/WindowManagerShell( 1054): Playing animation for (#95) android.os.BinderProxy@ab886f7@0
02-16 20:42:42.056 D/QuickstepModelDelegate( 1208): notifyAppTargetEvent action=1 launchLocation=
02-16 20:42:42.075 I/AiAiEcho( 1652): Predicting[0]:  [CONTEXT sampling_count=5 ]
02-16 20:42:42.075 V/ShellRecents( 1054): RecentsTransitionHandler.startAnimation: no controller found
